<?xml version="1.0" encoding="utf-8"?>
<testsuites>
	<testsuite name="connectionTest" time="20.029971" disabled="0" errors="0" tests="5" failures="0" skipped="0" timestamp="2026-09-03T16:04:06.299Z" hostname="NCC-1701-E-2.fritz.box">
		<testsuite name="Name resolution" time="0.021384" disabled="0" errors="0" tests="3" failures="0" skipped="0" timestamp="2026-09-03T16:04:06.317Z" hostname="NCC-1701-E-2.fritz.box">
			<testcase name="something.invalid should not be resolved" time="0.017175" classname="test" file="/Users/mschroeder/sources/repos/ioBroker/ioBroker.klf200/src/connectionTest.test.ts"/>
			<testcase name="127.0.0.1 should be resolved to 127.0.0.1" time="0.000450" classname="test" file="/Users/mschroeder/sources/repos/ioBroker/ioBroker.klf200/src/connectionTest.test.ts"/>
			<testcase name="localhost should be resolved to 127.0.0.1 (or ::1)" time="0.002995" classname="test" file="/Users/mschroeder/sources/repos/ioBroker/ioBroker.klf200/src/connectionTest.test.ts"/>
		</testsuite>
		<testsuite name="Ping" time="3.045957" disabled="0" errors="0" tests="4" failures="0" skipped="0" timestamp="2026-09-03T16:04:06.337Z" hostname="NCC-1701-E-2.fritz.box">
			<testcase name="ping to 192.0.2.0 should fail" time="3.013380" classname="test" file="/Users/mschroeder/sources/repos/ioBroker/ioBroker.klf200/src/connectionTest.test.ts"/>
			<testcase name="ping to 127.0.0.1 should pass" time="0.004823" classname="test" file="/Users/mschroeder/sources/repos/ioBroker/ioBroker.klf200/src/connectionTest.test.ts"/>
			<testcase name="ping to localhost should pass" time="0.005798" classname="test" file="/Users/mschroeder/sources/repos/ioBroker/ioBroker.klf200/src/connectionTest.test.ts"/>
			<testcase name="ping to 8.8.8.8 should pass" time="0.021278" classname="test" file="/Users/mschroeder/sources/repos/ioBroker/ioBroker.klf200/src/connectionTest.test.ts"/>
		</testsuite>
		<testsuite name="TLS Socket connection" time="14.794708" disabled="0" errors="0" tests="4" failures="0" skipped="0" timestamp="2026-09-03T16:04:09.384Z" hostname="NCC-1701-E-2.fritz.box">
			<testcase name="shouldn't connect to 192.0.2.0" time="4.014899" classname="test" file="/Users/mschroeder/sources/repos/ioBroker/ioBroker.klf200/src/connectionTest.test.ts"/>
			<testcase name="should connect to localhost" time="0.271951" classname="test" file="/Users/mschroeder/sources/repos/ioBroker/ioBroker.klf200/src/connectionTest.test.ts"/>
			<testcase name="should succeed on an expired certificate" time="0.260035" classname="test" file="/Users/mschroeder/sources/repos/ioBroker/ioBroker.klf200/src/connectionTest.test.ts"/>
			<testcase name="should fail on an expired certificate with wrong fingerprint" time="10.246826" classname="test" file="/Users/mschroeder/sources/repos/ioBroker/ioBroker.klf200/src/connectionTest.test.ts"/>
		</testsuite>
		<testsuite name="Login" time="0.522151" disabled="0" errors="0" tests="2" failures="0" skipped="0" timestamp="2026-09-03T16:04:24.175Z" hostname="NCC-1701-E-2.fritz.box">
			<testcase name="shouldn't login with the wrong password" time="0.268257" classname="test" file="/Users/mschroeder/sources/repos/ioBroker/ioBroker.klf200/src/connectionTest.test.ts"/>
			<testcase name="should login with the correct password" time="0.253586" classname="test" file="/Users/mschroeder/sources/repos/ioBroker/ioBroker.klf200/src/connectionTest.test.ts"/>
		</testsuite>
		<testsuite name="runTests" time="1.631774" disabled="0" errors="0" tests="15" failures="0" skipped="0" timestamp="2026-09-03T16:04:24.697Z" hostname="NCC-1701-E-2.fritz.box">
			<testcase name="should fulfil" time="0.269381" classname="test" file="/Users/mschroeder/sources/repos/ioBroker/ioBroker.klf200/src/connectionTest.test.ts"/>
			<testcase name="should return 4 steps" time="0.280655" classname="test" file="/Users/mschroeder/sources/repos/ioBroker/ioBroker.klf200/src/connectionTest.test.ts"/>
			<testcase name="should fail at step 1" time="0.001896" classname="test" file="/Users/mschroeder/sources/repos/ioBroker/ioBroker.klf200/src/connectionTest.test.ts"/>
			<testcase name="should succeed at step 1" time="0.000551" classname="test" file="/Users/mschroeder/sources/repos/ioBroker/ioBroker.klf200/src/connectionTest.test.ts"/>
			<testcase name="should fail at step 2" time="0.000671" classname="test" file="/Users/mschroeder/sources/repos/ioBroker/ioBroker.klf200/src/connectionTest.test.ts"/>
			<testcase name="should succeed at step 2" time="0.000660" classname="test" file="/Users/mschroeder/sources/repos/ioBroker/ioBroker.klf200/src/connectionTest.test.ts"/>
			<testcase name="should fail at step 3" time="0.000489" classname="test" file="/Users/mschroeder/sources/repos/ioBroker/ioBroker.klf200/src/connectionTest.test.ts"/>
			<testcase name="should succeed at step 3" time="0.000580" classname="test" file="/Users/mschroeder/sources/repos/ioBroker/ioBroker.klf200/src/connectionTest.test.ts"/>
			<testcase name="should fail at step 4" time="0.000597" classname="test" file="/Users/mschroeder/sources/repos/ioBroker/ioBroker.klf200/src/connectionTest.test.ts"/>
			<testcase name="should succeed at step 4" time="0.000538" classname="test" file="/Users/mschroeder/sources/repos/ioBroker/ioBroker.klf200/src/connectionTest.test.ts"/>
			<testcase name="should call the progress callback 4 times" time="0.000736" classname="test" file="/Users/mschroeder/sources/repos/ioBroker/ioBroker.klf200/src/connectionTest.test.ts"/>
			<testcase name="should succeed at step 1 against mock server" time="0.266615" classname="test" file="/Users/mschroeder/sources/repos/ioBroker/ioBroker.klf200/src/connectionTest.test.ts"/>
			<testcase name="should succeed at step 2 against mock server" time="0.269452" classname="test" file="/Users/mschroeder/sources/repos/ioBroker/ioBroker.klf200/src/connectionTest.test.ts"/>
			<testcase name="should succeed at step 3 against mock server" time="0.270844" classname="test" file="/Users/mschroeder/sources/repos/ioBroker/ioBroker.klf200/src/connectionTest.test.ts"/>
			<testcase name="should succeed at step 4 against mock server" time="0.267443" classname="test" file="/Users/mschroeder/sources/repos/ioBroker/ioBroker.klf200/src/connectionTest.test.ts"/>
		</testsuite>
	</testsuite>
	<testsuite name="disposalMap" time="0.005119" disabled="0" errors="0" tests="2" failures="0" skipped="0" timestamp="2026-09-03T16:04:26.620Z" hostname="NCC-1701-E-2.fritz.box">
		<testsuite name="disposeId" time="0.004448" disabled="0" errors="0" tests="3" failures="0" skipped="0" timestamp="2026-09-03T16:04:26.621Z" hostname="NCC-1701-E-2.fritz.box">
			<testcase name="should call and remove a single entry" time="0.002311" classname="test" file="/Users/mschroeder/sources/repos/ioBroker/ioBroker.klf200/src/disposalMap.test.ts"/>
			<testcase name="should call and remove 2 entries" time="0.000171" classname="test" file="/Users/mschroeder/sources/repos/ioBroker/ioBroker.klf200/src/disposalMap.test.ts"/>
			<testcase name="should call and remove 2 entries but should leave the remaining entries" time="0.000096" classname="test" file="/Users/mschroeder/sources/repos/ioBroker/ioBroker.klf200/src/disposalMap.test.ts"/>
		</testsuite>
		<testsuite name="disposeAll" time="0.000327" disabled="0" errors="0" tests="1" failures="0" skipped="0" timestamp="2026-09-03T16:04:26.625Z" hostname="NCC-1701-E-2.fritz.box">
			<testcase name="should call and remove all entries" time="0.000269" classname="test" file="/Users/mschroeder/sources/repos/ioBroker/ioBroker.klf200/src/disposalMap.test.ts"/>
		</testsuite>
	</testsuite>
	<testsuite name="module to test => function to test" time="0.001561" disabled="0" errors="0" tests="1" failures="0" skipped="0" timestamp="2026-09-03T16:04:26.624Z" hostname="NCC-1701-E-2.fritz.box">
		<testcase name="should return 5" time="0.000459" classname="test" file="/Users/mschroeder/sources/repos/ioBroker/ioBroker.klf200/src/main.test.ts"/>
	</testsuite>
	<testsuite name="Setup" time="0.028115" disabled="0" errors="0" tests="1" failures="0" skipped="0" timestamp="2026-09-03T16:04:26.597Z" hostname="NCC-1701-E-2.fritz.box">
		<testsuite name="setupGlobalAsync" time="0.027794" disabled="0" errors="0" tests="20" failures="0" skipped="0" timestamp="2026-09-03T16:04:26.598Z" hostname="NCC-1701-E-2.fritz.box">
			<testcase name="should generate products device" time="0.003102" classname="test" file="/Users/mschroeder/sources/repos/ioBroker/ioBroker.klf200/src/setup.test.ts"/>
			<testcase name="shouldn't throw if products device already exists" time="0.002390" classname="test" file="/Users/mschroeder/sources/repos/ioBroker/ioBroker.klf200/src/setup.test.ts"/>
			<testcase name="should generate productsFound state" time="0.001473" classname="test" file="/Users/mschroeder/sources/repos/ioBroker/ioBroker.klf200/src/setup.test.ts"/>
			<testcase name="should generate scenes device" time="0.001134" classname="test" file="/Users/mschroeder/sources/repos/ioBroker/ioBroker.klf200/src/setup.test.ts"/>
			<testcase name="shouldn't throw if scenes device already exists" time="0.000770" classname="test" file="/Users/mschroeder/sources/repos/ioBroker/ioBroker.klf200/src/setup.test.ts"/>
			<testcase name="should generate scenesFound state" time="0.000609" classname="test" file="/Users/mschroeder/sources/repos/ioBroker/ioBroker.klf200/src/setup.test.ts"/>
			<testcase name="should generate groups device" time="0.000647" classname="test" file="/Users/mschroeder/sources/repos/ioBroker/ioBroker.klf200/src/setup.test.ts"/>
			<testcase name="shouldn't throw if groups device already exists" time="0.001079" classname="test" file="/Users/mschroeder/sources/repos/ioBroker/ioBroker.klf200/src/setup.test.ts"/>
			<testcase name="should generate groupsFound state" time="0.001185" classname="test" file="/Users/mschroeder/sources/repos/ioBroker/ioBroker.klf200/src/setup.test.ts"/>
			<testcase name="should generate gateway device" time="0.001461" classname="test" file="/Users/mschroeder/sources/repos/ioBroker/ioBroker.klf200/src/setup.test.ts"/>
			<testcase name="shouldn't throw if gateway device already exists" time="0.000650" classname="test" file="/Users/mschroeder/sources/repos/ioBroker/ioBroker.klf200/src/setup.test.ts"/>
			<testcase name="should generate gateway ProtocolVersion state" time="0.000882" classname="test" file="/Users/mschroeder/sources/repos/ioBroker/ioBroker.klf200/src/setup.test.ts"/>
			<testcase name="should generate gateway SoftwareVersion state" time="0.001052" classname="test" file="/Users/mschroeder/sources/repos/ioBroker/ioBroker.klf200/src/setup.test.ts"/>
			<testcase name="should generate gateway HardwareVersion state" time="0.000936" classname="test" file="/Users/mschroeder/sources/repos/ioBroker/ioBroker.klf200/src/setup.test.ts"/>
			<testcase name="should generate gateway ProductGroup state" time="0.001241" classname="test" file="/Users/mschroeder/sources/repos/ioBroker/ioBroker.klf200/src/setup.test.ts"/>
			<testcase name="should generate gateway ProductType state" time="0.001262" classname="test" file="/Users/mschroeder/sources/repos/ioBroker/ioBroker.klf200/src/setup.test.ts"/>
			<testcase name="should generate gateway GatewayState" time="0.001267" classname="test" file="/Users/mschroeder/sources/repos/ioBroker/ioBroker.klf200/src/setup.test.ts"/>
			<testcase name="should generate gateway GatewaySubState" time="0.001040" classname="test" file="/Users/mschroeder/sources/repos/ioBroker/ioBroker.klf200/src/setup.test.ts"/>
			<testcase name="Each writable state should be bound to a state change handler" time="0.002303" classname="test" file="/Users/mschroeder/sources/repos/ioBroker/ioBroker.klf200/src/setup.test.ts"/>
			<testcase name="Each readable state should be bound to a property change handler" time="0.000948" classname="test" file="/Users/mschroeder/sources/repos/ioBroker/ioBroker.klf200/src/setup.test.ts"/>
		</testsuite>
	</testsuite>
	<testsuite name="setupGroups" time="0.135745" disabled="0" errors="0" tests="2" failures="0" skipped="0" timestamp="2026-09-03T16:04:26.492Z" hostname="NCC-1701-E-2.fritz.box">
		<testsuite name="createGroupAsync" time="0.125170" disabled="0" errors="0" tests="36" failures="0" skipped="0" timestamp="2026-09-03T16:04:26.502Z" hostname="NCC-1701-E-2.fritz.box">
			<testcase name="should create the channel for Group ID 50" time="0.006117" classname="test" file="/Users/mschroeder/sources/repos/ioBroker/ioBroker.klf200/src/setupGroups.test.ts"/>
			<testcase name="should have the name 'Test Group' for its channel name" time="0.004796" classname="test" file="/Users/mschroeder/sources/repos/ioBroker/ioBroker.klf200/src/setupGroups.test.ts"/>
			<testcase name="should have the role 'group.user' for its channel role" time="0.002090" classname="test" file="/Users/mschroeder/sources/repos/ioBroker/ioBroker.klf200/src/setupGroups.test.ts"/>
			<testcase name="should create the productsCount state object" time="0.001689" classname="test" file="/Users/mschroeder/sources/repos/ioBroker/ioBroker.klf200/src/setupGroups.test.ts"/>
			<testcase name="should write the productsCount state" time="0.002149" classname="test" file="/Users/mschroeder/sources/repos/ioBroker/ioBroker.klf200/src/setupGroups.test.ts"/>
			<testcase name="should write the productsCount state with '2'" time="0.002368" classname="test" file="/Users/mschroeder/sources/repos/ioBroker/ioBroker.klf200/src/setupGroups.test.ts"/>
			<testcase name="should write the productsCount state ack" time="0.002269" classname="test" file="/Users/mschroeder/sources/repos/ioBroker/ioBroker.klf200/src/setupGroups.test.ts"/>
			<testcase name="should create the groupType state object" time="0.002547" classname="test" file="/Users/mschroeder/sources/repos/ioBroker/ioBroker.klf200/src/setupGroups.test.ts"/>
			<testcase name="should write the groupType state" time="0.001474" classname="test" file="/Users/mschroeder/sources/repos/ioBroker/ioBroker.klf200/src/setupGroups.test.ts"/>
			<testcase name="should write the groupType state with '0'" time="0.001469" classname="test" file="/Users/mschroeder/sources/repos/ioBroker/ioBroker.klf200/src/setupGroups.test.ts"/>
			<testcase name="should write the groupType state ack" time="0.002932" classname="test" file="/Users/mschroeder/sources/repos/ioBroker/ioBroker.klf200/src/setupGroups.test.ts"/>
			<testcase name="should create the nodeVariation state object" time="0.001715" classname="test" file="/Users/mschroeder/sources/repos/ioBroker/ioBroker.klf200/src/setupGroups.test.ts"/>
			<testcase name="should write the nodeVariation state" time="0.001907" classname="test" file="/Users/mschroeder/sources/repos/ioBroker/ioBroker.klf200/src/setupGroups.test.ts"/>
			<testcase name="should write the nodeVariation state with '2'" time="0.002318" classname="test" file="/Users/mschroeder/sources/repos/ioBroker/ioBroker.klf200/src/setupGroups.test.ts"/>
			<testcase name="should write the nodeVariation state ack" time="0.001749" classname="test" file="/Users/mschroeder/sources/repos/ioBroker/ioBroker.klf200/src/setupGroups.test.ts"/>
			<testcase name="should create the order state object" time="0.001935" classname="test" file="/Users/mschroeder/sources/repos/ioBroker/ioBroker.klf200/src/setupGroups.test.ts"/>
			<testcase name="should write the order state" time="0.001817" classname="test" file="/Users/mschroeder/sources/repos/ioBroker/ioBroker.klf200/src/setupGroups.test.ts"/>
			<testcase name="should write the order state with '0'" time="0.001301" classname="test" file="/Users/mschroeder/sources/repos/ioBroker/ioBroker.klf200/src/setupGroups.test.ts"/>
			<testcase name="should write the order state ack" time="0.001684" classname="test" file="/Users/mschroeder/sources/repos/ioBroker/ioBroker.klf200/src/setupGroups.test.ts"/>
			<testcase name="should create the placement state object" time="0.001863" classname="test" file="/Users/mschroeder/sources/repos/ioBroker/ioBroker.klf200/src/setupGroups.test.ts"/>
			<testcase name="should write the placement state" time="0.003923" classname="test" file="/Users/mschroeder/sources/repos/ioBroker/ioBroker.klf200/src/setupGroups.test.ts"/>
			<testcase name="should write the placement state with '0'" time="0.001293" classname="test" file="/Users/mschroeder/sources/repos/ioBroker/ioBroker.klf200/src/setupGroups.test.ts"/>
			<testcase name="should write the placement state ack" time="0.002615" classname="test" file="/Users/mschroeder/sources/repos/ioBroker/ioBroker.klf200/src/setupGroups.test.ts"/>
			<testcase name="should create the velocity state object" time="0.001715" classname="test" file="/Users/mschroeder/sources/repos/ioBroker/ioBroker.klf200/src/setupGroups.test.ts"/>
			<testcase name="should write the velocity state" time="0.001606" classname="test" file="/Users/mschroeder/sources/repos/ioBroker/ioBroker.klf200/src/setupGroups.test.ts"/>
			<testcase name="should write the velocity state with '1'" time="0.001173" classname="test" file="/Users/mschroeder/sources/repos/ioBroker/ioBroker.klf200/src/setupGroups.test.ts"/>
			<testcase name="should write the velocity state ack" time="0.003778" classname="test" file="/Users/mschroeder/sources/repos/ioBroker/ioBroker.klf200/src/setupGroups.test.ts"/>
			<testcase name="should create the targetPosition state object" time="0.008796" classname="test" file="/Users/mschroeder/sources/repos/ioBroker/ioBroker.klf200/src/setupGroups.test.ts"/>
			<testcase name="should create the targetPositionRaw state object" time="0.006675" classname="test" file="/Users/mschroeder/sources/repos/ioBroker/ioBroker.klf200/src/setupGroups.test.ts"/>
			<testsuite name="changes on order" time="0.012460" disabled="0" errors="0" tests="2" failures="0" skipped="0" timestamp="2026-09-03T16:04:26.614Z" hostname="NCC-1701-E-2.fritz.box">
				<testcase name="should write the order state with '1' after change notificiation" time="0.003594" classname="test" file="/Users/mschroeder/sources/repos/ioBroker/ioBroker.klf200/src/setupGroups.test.ts"/>
				<testcase name="should write the order state ack after change notificiation" time="0.008297" classname="test" file="/Users/mschroeder/sources/repos/ioBroker/ioBroker.klf200/src/setupGroups.test.ts"/>
			</testsuite>
			<testsuite name="changes on placement" time="0.004503" disabled="0" errors="0" tests="2" failures="0" skipped="0" timestamp="2026-09-03T16:04:26.622Z" hostname="NCC-1701-E-2.fritz.box">
				<testcase name="should write the placement state with '1' after change notificiation" time="0.002356" classname="test" file="/Users/mschroeder/sources/repos/ioBroker/ioBroker.klf200/src/setupGroups.test.ts"/>
				<testcase name="should write the placement state ack after change notificiation" time="0.002037" classname="test" file="/Users/mschroeder/sources/repos/ioBroker/ioBroker.klf200/src/setupGroups.test.ts"/>
			</testsuite>
			<testsuite name="changes on velocity" time="0.005374" disabled="0" errors="0" tests="2" failures="0" skipped="0" timestamp="2026-09-03T16:04:26.621Z" hostname="NCC-1701-E-2.fritz.box">
				<testcase name="should write the velocity state with '2' after change notificiation" time="0.002209" classname="test" file="/Users/mschroeder/sources/repos/ioBroker/ioBroker.klf200/src/setupGroups.test.ts"/>
				<testcase name="should write the velocity state ack after change notificiation" time="0.003069" classname="test" file="/Users/mschroeder/sources/repos/ioBroker/ioBroker.klf200/src/setupGroups.test.ts"/>
			</testsuite>
			<testsuite name="changes on nodeVariation" time="0.005817" disabled="0" errors="0" tests="2" failures="0" skipped="0" timestamp="2026-09-03T16:04:26.621Z" hostname="NCC-1701-E-2.fritz.box">
				<testcase name="should write the nodeVariation state with '1' after change notificiation" time="0.003876" classname="test" file="/Users/mschroeder/sources/repos/ioBroker/ioBroker.klf200/src/setupGroups.test.ts"/>
				<testcase name="should write the nodeVariation state ack after change notificiation" time="0.001843" classname="test" file="/Users/mschroeder/sources/repos/ioBroker/ioBroker.klf200/src/setupGroups.test.ts"/>
			</testsuite>
			<testsuite name="changes on groupType" time="0.004148" disabled="0" errors="0" tests="2" failures="0" skipped="0" timestamp="2026-09-03T16:04:26.622Z" hostname="NCC-1701-E-2.fritz.box">
				<testcase name="should write the groupType state with '1' after change notificiation" time="0.001786" classname="test" file="/Users/mschroeder/sources/repos/ioBroker/ioBroker.klf200/src/setupGroups.test.ts"/>
				<testcase name="should write the groupType state ack after change notificiation" time="0.002267" classname="test" file="/Users/mschroeder/sources/repos/ioBroker/ioBroker.klf200/src/setupGroups.test.ts"/>
			</testsuite>
			<testcase name="Each writable state should be bound to a state change handler" time="0.007279" classname="test" file="/Users/mschroeder/sources/repos/ioBroker/ioBroker.klf200/src/setupGroups.test.ts"/>
			<testcase name="Each readable state should be bound to a property change handler" time="0.004204" classname="test" file="/Users/mschroeder/sources/repos/ioBroker/ioBroker.klf200/src/setupGroups.test.ts"/>
		</testsuite>
		<testsuite name="createGroupsAsync" time="0.009938" disabled="0" errors="0" tests="2" failures="0" skipped="0" timestamp="2026-09-03T16:04:26.618Z" hostname="NCC-1701-E-2.fritz.box">
			<testcase name="should have 1 in the value of groups.groupsFound state" time="0.003812" classname="test" file="/Users/mschroeder/sources/repos/ioBroker/ioBroker.klf200/src/setupGroups.test.ts"/>
			<testcase name="should delete a group that doesn't exist anymore" time="0.005978" classname="test" file="/Users/mschroeder/sources/repos/ioBroker/ioBroker.klf200/src/setupGroups.test.ts"/>
		</testsuite>
	</testsuite>
	<testsuite name="setupProducts" time="4.129454" disabled="0" errors="0" tests="2" failures="0" skipped="0" timestamp="2026-09-03T16:04:22.510Z" hostname="NCC-1701-E-2.fritz.box">
		<testsuite name="createProductAsync" time="4.104125" disabled="0" errors="0" tests="424" failures="0" skipped="0" timestamp="2026-09-03T16:04:22.535Z" hostname="NCC-1701-E-2.fritz.box">
			<testcase name="should create the channel for product ID 0" time="0.032695" classname="test" file="/Users/mschroeder/sources/repos/ioBroker/ioBroker.klf200/src/setupProducts.test.ts"/>
			<testcase name="should have the name 'Fenster Badezimmer' for its channel name" time="0.019598" classname="test" file="/Users/mschroeder/sources/repos/ioBroker/ioBroker.klf200/src/setupProducts.test.ts"/>
			<testcase name="should have the role 'window' for its channel role" time="0.044844" classname="test" file="/Users/mschroeder/sources/repos/ioBroker/ioBroker.klf200/src/setupProducts.test.ts"/>
			<testcase name="should create the category state object" time="0.021741" classname="test" file="/Users/mschroeder/sources/repos/ioBroker/ioBroker.klf200/src/setupProducts.test.ts"/>
			<testcase name="should write the category state" time="0.019731" classname="test" file="/Users/mschroeder/sources/repos/ioBroker/ioBroker.klf200/src/setupProducts.test.ts"/>
			<testcase name="should write the category state with 'Window opener with integrated rain sensor'" time="0.019873" classname="test" file="/Users/mschroeder/sources/repos/ioBroker/ioBroker.klf200/src/setupProducts.test.ts"/>
			<testcase name="should write the category state ack" time="0.013452" classname="test" file="/Users/mschroeder/sources/repos/ioBroker/ioBroker.klf200/src/setupProducts.test.ts"/>
			<testcase name="should create the currentPosition state object" time="0.013917" classname="test" file="/Users/mschroeder/sources/repos/ioBroker/ioBroker.klf200/src/setupProducts.test.ts"/>
			<testcase name="should write the currentPosition state" time="0.017888" classname="test" file="/Users/mschroeder/sources/repos/ioBroker/ioBroker.klf200/src/setupProducts.test.ts"/>
			<testcase name="should write the currentPosition state with '0'" time="0.012016" classname="test" file="/Users/mschroeder/sources/repos/ioBroker/ioBroker.klf200/src/setupProducts.test.ts"/>
			<testcase name="should write the currentPosition state ack" time="0.014879" classname="test" file="/Users/mschroeder/sources/repos/ioBroker/ioBroker.klf200/src/setupProducts.test.ts"/>
			<testcase name="should create the currentPositionRaw state object" time="0.014028" classname="test" file="/Users/mschroeder/sources/repos/ioBroker/ioBroker.klf200/src/setupProducts.test.ts"/>
			<testcase name="should write the currentPositionRaw state" time="0.011445" classname="test" file="/Users/mschroeder/sources/repos/ioBroker/ioBroker.klf200/src/setupProducts.test.ts"/>
			<testcase name="should write the currentPositionRaw state with '51200'" time="0.012468" classname="test" file="/Users/mschroeder/sources/repos/ioBroker/ioBroker.klf200/src/setupProducts.test.ts"/>
			<testcase name="should write the currentPositionRaw state ack" time="0.014034" classname="test" file="/Users/mschroeder/sources/repos/ioBroker/ioBroker.klf200/src/setupProducts.test.ts"/>
			<testcase name="should create the FP1CurrentPositionRaw state object" time="0.010938" classname="test" file="/Users/mschroeder/sources/repos/ioBroker/ioBroker.klf200/src/setupProducts.test.ts"/>
			<testcase name="should write the FP1CurrentPositionRaw state" time="0.010284" classname="test" file="/Users/mschroeder/sources/repos/ioBroker/ioBroker.klf200/src/setupProducts.test.ts"/>
			<testcase name="should write the FP1CurrentPositionRaw state with '63487'" time="0.012257" classname="test" file="/Users/mschroeder/sources/repos/ioBroker/ioBroker.klf200/src/setupProducts.test.ts"/>
			<testcase name="should write the FP1CurrentPositionRaw state ack" time="0.012610" classname="test" file="/Users/mschroeder/sources/repos/ioBroker/ioBroker.klf200/src/setupProducts.test.ts"/>
			<testcase name="should create the FP2CurrentPositionRaw state object" time="0.011882" classname="test" file="/Users/mschroeder/sources/repos/ioBroker/ioBroker.klf200/src/setupProducts.test.ts"/>
			<testcase name="should write the FP2CurrentPositionRaw state" time="0.009462" classname="test" file="/Users/mschroeder/sources/repos/ioBroker/ioBroker.klf200/src/setupProducts.test.ts"/>
			<testcase name="should write the FP2CurrentPositionRaw state with '63487'" time="0.009778" classname="test" file="/Users/mschroeder/sources/repos/ioBroker/ioBroker.klf200/src/setupProducts.test.ts"/>
			<testcase name="should write the FP2CurrentPositionRaw state ack" time="0.009832" classname="test" file="/Users/mschroeder/sources/repos/ioBroker/ioBroker.klf200/src/setupProducts.test.ts"/>
			<testcase name="should create the FP3CurrentPositionRaw state object" time="0.012851" classname="test" file="/Users/mschroeder/sources/repos/ioBroker/ioBroker.klf200/src/setupProducts.test.ts"/>
			<testcase name="should write the FP3CurrentPositionRaw state" time="0.010428" classname="test" file="/Users/mschroeder/sources/repos/ioBroker/ioBroker.klf200/src/setupProducts.test.ts"/>
			<testcase name="should write the FP3CurrentPositionRaw state with '63487'" time="0.011412" classname="test" file="/Users/mschroeder/sources/repos/ioBroker/ioBroker.klf200/src/setupProducts.test.ts"/>
			<testcase name="should write the FP3CurrentPositionRaw state ack" time="0.010096" classname="test" file="/Users/mschroeder/sources/repos/ioBroker/ioBroker.klf200/src/setupProducts.test.ts"/>
			<testcase name="should create the FP4CurrentPositionRaw state object" time="0.010993" classname="test" file="/Users/mschroeder/sources/repos/ioBroker/ioBroker.klf200/src/setupProducts.test.ts"/>
			<testcase name="should write the FP4CurrentPositionRaw state" time="0.009696" classname="test" file="/Users/mschroeder/sources/repos/ioBroker/ioBroker.klf200/src/setupProducts.test.ts"/>
			<testcase name="should write the FP4CurrentPositionRaw state with '63487'" time="0.009312" classname="test" file="/Users/mschroeder/sources/repos/ioBroker/ioBroker.klf200/src/setupProducts.test.ts"/>
			<testcase name="should write the FP4CurrentPositionRaw state ack" time="0.009526" classname="test" file="/Users/mschroeder/sources/repos/ioBroker/ioBroker.klf200/src/setupProducts.test.ts"/>
			<testcase name="should create the nodeVariation state object" time="0.010725" classname="test" file="/Users/mschroeder/sources/repos/ioBroker/ioBroker.klf200/src/setupProducts.test.ts"/>
			<testcase name="should write the nodeVariation state" time="0.009649" classname="test" file="/Users/mschroeder/sources/repos/ioBroker/ioBroker.klf200/src/setupProducts.test.ts"/>
			<testcase name="should write the nodeVariation state with '0'" time="0.009945" classname="test" file="/Users/mschroeder/sources/repos/ioBroker/ioBroker.klf200/src/setupProducts.test.ts"/>
			<testcase name="should write the nodeVariation state ack" time="0.010206" classname="test" file="/Users/mschroeder/sources/repos/ioBroker/ioBroker.klf200/src/setupProducts.test.ts"/>
			<testcase name="should create the order state object" time="0.009961" classname="test" file="/Users/mschroeder/sources/repos/ioBroker/ioBroker.klf200/src/setupProducts.test.ts"/>
			<testcase name="should write the order state" time="0.010610" classname="test" file="/Users/mschroeder/sources/repos/ioBroker/ioBroker.klf200/src/setupProducts.test.ts"/>
			<testcase name="should write the order state with '0'" time="0.009335" classname="test" file="/Users/mschroeder/sources/repos/ioBroker/ioBroker.klf200/src/setupProducts.test.ts"/>
			<testcase name="should write the order state ack" time="0.010587" classname="test" file="/Users/mschroeder/sources/repos/ioBroker/ioBroker.klf200/src/setupProducts.test.ts"/>
			<testcase name="should create the placement state object" time="0.010748" classname="test" file="/Users/mschroeder/sources/repos/ioBroker/ioBroker.klf200/src/setupProducts.test.ts"/>
			<testcase name="should write the placement state" time="0.010602" classname="test" file="/Users/mschroeder/sources/repos/ioBroker/ioBroker.klf200/src/setupProducts.test.ts"/>
			<testcase name="should write the placement state with '1'" time="0.010069" classname="test" file="/Users/mschroeder/sources/repos/ioBroker/ioBroker.klf200/src/setupProducts.test.ts"/>
			<testcase name="should write the placement state ack" time="0.009661" classname="test" file="/Users/mschroeder/sources/repos/ioBroker/ioBroker.klf200/src/setupProducts.test.ts"/>
			<testcase name="should create the powerSaveMode state object" time="0.010070" classname="test" file="/Users/mschroeder/sources/repos/ioBroker/ioBroker.klf200/src/setupProducts.test.ts"/>
			<testcase name="should write the powerSaveMode state" time="0.011324" classname="test" file="/Users/mschroeder/sources/repos/ioBroker/ioBroker.klf200/src/setupProducts.test.ts"/>
			<testcase name="should write the powerSaveMode state with '1'" time="0.010812" classname="test" file="/Users/mschroeder/sources/repos/ioBroker/ioBroker.klf200/src/setupProducts.test.ts"/>
			<testcase name="should write the powerSaveMode state ack" time="0.009759" classname="test" file="/Users/mschroeder/sources/repos/ioBroker/ioBroker.klf200/src/setupProducts.test.ts"/>
			<testcase name="should create the productType state object" time="0.010575" classname="test" file="/Users/mschroeder/sources/repos/ioBroker/ioBroker.klf200/src/setupProducts.test.ts"/>
			<testcase name="should write the productType state" time="0.014595" classname="test" file="/Users/mschroeder/sources/repos/ioBroker/ioBroker.klf200/src/setupProducts.test.ts"/>
			<testcase name="should write the productType state with '7'" time="0.010127" classname="test" file="/Users/mschroeder/sources/repos/ioBroker/ioBroker.klf200/src/setupProducts.test.ts"/>
			<testcase name="should write the productType state ack" time="0.009578" classname="test" file="/Users/mschroeder/sources/repos/ioBroker/ioBroker.klf200/src/setupProducts.test.ts"/>
			<testcase name="should create the refreshProduct state object" time="0.009415" classname="test" file="/Users/mschroeder/sources/repos/ioBroker/ioBroker.klf200/src/setupProducts.test.ts"/>
			<testcase name="should write the refreshProduct state" time="0.010027" classname="test" file="/Users/mschroeder/sources/repos/ioBroker/ioBroker.klf200/src/setupProducts.test.ts"/>
			<testcase name="should write the refreshProduct state with 'false'" time="0.010613" classname="test" file="/Users/mschroeder/sources/repos/ioBroker/ioBroker.klf200/src/setupProducts.test.ts"/>
			<testcase name="should write the refreshProduct state ack" time="0.010493" classname="test" file="/Users/mschroeder/sources/repos/ioBroker/ioBroker.klf200/src/setupProducts.test.ts"/>
			<testcase name="should create the remainingTime state object" time="0.010584" classname="test" file="/Users/mschroeder/sources/repos/ioBroker/ioBroker.klf200/src/setupProducts.test.ts"/>
			<testcase name="should write the remainingTime state" time="0.010221" classname="test" file="/Users/mschroeder/sources/repos/ioBroker/ioBroker.klf200/src/setupProducts.test.ts"/>
			<testcase name="should write the remainingTime state with '0'" time="0.013132" classname="test" file="/Users/mschroeder/sources/repos/ioBroker/ioBroker.klf200/src/setupProducts.test.ts"/>
			<testcase name="should write the remainingTime state ack" time="0.009742" classname="test" file="/Users/mschroeder/sources/repos/ioBroker/ioBroker.klf200/src/setupProducts.test.ts"/>
			<testcase name="should create the runStatus state object" time="0.009513" classname="test" file="/Users/mschroeder/sources/repos/ioBroker/ioBroker.klf200/src/setupProducts.test.ts"/>
			<testcase name="should write the runStatus state" time="0.009365" classname="test" file="/Users/mschroeder/sources/repos/ioBroker/ioBroker.klf200/src/setupProducts.test.ts"/>
			<testcase name="should write the runStatus state with '0'" time="0.009946" classname="test" file="/Users/mschroeder/sources/repos/ioBroker/ioBroker.klf200/src/setupProducts.test.ts"/>
			<testcase name="should write the runStatus state ack" time="0.009843" classname="test" file="/Users/mschroeder/sources/repos/ioBroker/ioBroker.klf200/src/setupProducts.test.ts"/>
			<testcase name="should create the serialNumber state object" time="0.011223" classname="test" file="/Users/mschroeder/sources/repos/ioBroker/ioBroker.klf200/src/setupProducts.test.ts"/>
			<testcase name="should write the serialNumber state" time="0.010288" classname="test" file="/Users/mschroeder/sources/repos/ioBroker/ioBroker.klf200/src/setupProducts.test.ts"/>
			<testcase name="should write the serialNumber state with '00:00:00:00:00:00:00:00'" time="0.010490" classname="test" file="/Users/mschroeder/sources/repos/ioBroker/ioBroker.klf200/src/setupProducts.test.ts"/>
			<testcase name="should write the serialNumber state ack" time="0.015585" classname="test" file="/Users/mschroeder/sources/repos/ioBroker/ioBroker.klf200/src/setupProducts.test.ts"/>
			<testcase name="should create the state state object" time="0.009873" classname="test" file="/Users/mschroeder/sources/repos/ioBroker/ioBroker.klf200/src/setupProducts.test.ts"/>
			<testcase name="should write the state state" time="0.010131" classname="test" file="/Users/mschroeder/sources/repos/ioBroker/ioBroker.klf200/src/setupProducts.test.ts"/>
			<testcase name="should write the state state with '5'" time="0.009458" classname="test" file="/Users/mschroeder/sources/repos/ioBroker/ioBroker.klf200/src/setupProducts.test.ts"/>
			<testcase name="should write the state state ack" time="0.009210" classname="test" file="/Users/mschroeder/sources/repos/ioBroker/ioBroker.klf200/src/setupProducts.test.ts"/>
			<testcase name="should create the statusReply state object" time="0.010507" classname="test" file="/Users/mschroeder/sources/repos/ioBroker/ioBroker.klf200/src/setupProducts.test.ts"/>
			<testcase name="should write the statusReply state" time="0.013977" classname="test" file="/Users/mschroeder/sources/repos/ioBroker/ioBroker.klf200/src/setupProducts.test.ts"/>
			<testcase name="should write the statusReply state with '0'" time="0.009774" classname="test" file="/Users/mschroeder/sources/repos/ioBroker/ioBroker.klf200/src/setupProducts.test.ts"/>
			<testcase name="should write the statusReply state ack" time="0.009692" classname="test" file="/Users/mschroeder/sources/repos/ioBroker/ioBroker.klf200/src/setupProducts.test.ts"/>
			<testcase name="should create the subType state object" time="0.012693" classname="test" file="/Users/mschroeder/sources/repos/ioBroker/ioBroker.klf200/src/setupProducts.test.ts"/>
			<testcase name="should write the subType state" time="0.008103" classname="test" file="/Users/mschroeder/sources/repos/ioBroker/ioBroker.klf200/src/setupProducts.test.ts"/>
			<testcase name="should write the subType state with '1'" time="0.007793" classname="test" file="/Users/mschroeder/sources/repos/ioBroker/ioBroker.klf200/src/setupProducts.test.ts"/>
			<testcase name="should write the subType state ack" time="0.007596" classname="test" file="/Users/mschroeder/sources/repos/ioBroker/ioBroker.klf200/src/setupProducts.test.ts"/>
			<testcase name="should create the targetPositionRaw state object" time="0.008277" classname="test" file="/Users/mschroeder/sources/repos/ioBroker/ioBroker.klf200/src/setupProducts.test.ts"/>
			<testcase name="should write the targetPositionRaw state" time="0.008436" classname="test" file="/Users/mschroeder/sources/repos/ioBroker/ioBroker.klf200/src/setupProducts.test.ts"/>
			<testcase name="should write the targetPositionRaw state with '51200'" time="0.008047" classname="test" file="/Users/mschroeder/sources/repos/ioBroker/ioBroker.klf200/src/setupProducts.test.ts"/>
			<testcase name="should write the targetPositionRaw state ack" time="0.009024" classname="test" file="/Users/mschroeder/sources/repos/ioBroker/ioBroker.klf200/src/setupProducts.test.ts"/>
			<testcase name="should create the typeID state object" time="0.009373" classname="test" file="/Users/mschroeder/sources/repos/ioBroker/ioBroker.klf200/src/setupProducts.test.ts"/>
			<testcase name="should write the typeID state" time="0.010598" classname="test" file="/Users/mschroeder/sources/repos/ioBroker/ioBroker.klf200/src/setupProducts.test.ts"/>
			<testcase name="should write the typeID state with '4'" time="0.008216" classname="test" file="/Users/mschroeder/sources/repos/ioBroker/ioBroker.klf200/src/setupProducts.test.ts"/>
			<testcase name="should write the typeID state ack" time="0.008096" classname="test" file="/Users/mschroeder/sources/repos/ioBroker/ioBroker.klf200/src/setupProducts.test.ts"/>
			<testcase name="should create the velocity state object" time="0.008193" classname="test" file="/Users/mschroeder/sources/repos/ioBroker/ioBroker.klf200/src/setupProducts.test.ts"/>
			<testcase name="should write the velocity state" time="0.008551" classname="test" file="/Users/mschroeder/sources/repos/ioBroker/ioBroker.klf200/src/setupProducts.test.ts"/>
			<testcase name="should write the velocity state with '1'" time="0.008596" classname="test" file="/Users/mschroeder/sources/repos/ioBroker/ioBroker.klf200/src/setupProducts.test.ts"/>
			<testcase name="should write the velocity state ack" time="0.008574" classname="test" file="/Users/mschroeder/sources/repos/ioBroker/ioBroker.klf200/src/setupProducts.test.ts"/>
			<testcase name="should create the stop state object" time="0.008079" classname="test" file="/Users/mschroeder/sources/repos/ioBroker/ioBroker.klf200/src/setupProducts.test.ts"/>
			<testcase name="should write the stop state" time="0.010360" classname="test" file="/Users/mschroeder/sources/repos/ioBroker/ioBroker.klf200/src/setupProducts.test.ts"/>
			<testcase name="should write the stop state with 'false'" time="0.008519" classname="test" file="/Users/mschroeder/sources/repos/ioBroker/ioBroker.klf200/src/setupProducts.test.ts"/>
			<testcase name="should write the stop state ack" time="0.008289" classname="test" file="/Users/mschroeder/sources/repos/ioBroker/ioBroker.klf200/src/setupProducts.test.ts"/>
			<testcase name="should create the wink state object" time="0.008954" classname="test" file="/Users/mschroeder/sources/repos/ioBroker/ioBroker.klf200/src/setupProducts.test.ts"/>
			<testcase name="should write the wink state" time="0.008466" classname="test" file="/Users/mschroeder/sources/repos/ioBroker/ioBroker.klf200/src/setupProducts.test.ts"/>
			<testcase name="should write the wink state with 'false'" time="0.009082" classname="test" file="/Users/mschroeder/sources/repos/ioBroker/ioBroker.klf200/src/setupProducts.test.ts"/>
			<testcase name="should write the wink state ack" time="0.008289" classname="test" file="/Users/mschroeder/sources/repos/ioBroker/ioBroker.klf200/src/setupProducts.test.ts"/>
			<testcase name="should create the targetFP1Raw state object" time="0.008360" classname="test" file="/Users/mschroeder/sources/repos/ioBroker/ioBroker.klf200/src/setupProducts.test.ts"/>
			<testcase name="should write the targetFP1Raw state" time="0.008664" classname="test" file="/Users/mschroeder/sources/repos/ioBroker/ioBroker.klf200/src/setupProducts.test.ts"/>
			<testcase name="should write the targetFP1Raw state with '54272'" time="0.012835" classname="test" file="/Users/mschroeder/sources/repos/ioBroker/ioBroker.klf200/src/setupProducts.test.ts"/>
			<testcase name="should write the targetFP1Raw state ack" time="0.007955" classname="test" file="/Users/mschroeder/sources/repos/ioBroker/ioBroker.klf200/src/setupProducts.test.ts"/>
			<testcase name="should create the targetFP2Raw state object" time="0.009428" classname="test" file="/Users/mschroeder/sources/repos/ioBroker/ioBroker.klf200/src/setupProducts.test.ts"/>
			<testcase name="should write the targetFP2Raw state" time="0.008578" classname="test" file="/Users/mschroeder/sources/repos/ioBroker/ioBroker.klf200/src/setupProducts.test.ts"/>
			<testcase name="should write the targetFP2Raw state with '54272'" time="0.009035" classname="test" file="/Users/mschroeder/sources/repos/ioBroker/ioBroker.klf200/src/setupProducts.test.ts"/>
			<testcase name="should write the targetFP2Raw state ack" time="0.009088" classname="test" file="/Users/mschroeder/sources/repos/ioBroker/ioBroker.klf200/src/setupProducts.test.ts"/>
			<testcase name="should create the targetFP3Raw state object" time="0.008597" classname="test" file="/Users/mschroeder/sources/repos/ioBroker/ioBroker.klf200/src/setupProducts.test.ts"/>
			<testcase name="should write the targetFP3Raw state" time="0.008971" classname="test" file="/Users/mschroeder/sources/repos/ioBroker/ioBroker.klf200/src/setupProducts.test.ts"/>
			<testcase name="should write the targetFP3Raw state with '54272'" time="0.010592" classname="test" file="/Users/mschroeder/sources/repos/ioBroker/ioBroker.klf200/src/setupProducts.test.ts"/>
			<testcase name="should write the targetFP3Raw state ack" time="0.008408" classname="test" file="/Users/mschroeder/sources/repos/ioBroker/ioBroker.klf200/src/setupProducts.test.ts"/>
			<testcase name="should create the targetFP4Raw state object" time="0.008745" classname="test" file="/Users/mschroeder/sources/repos/ioBroker/ioBroker.klf200/src/setupProducts.test.ts"/>
			<testcase name="should write the targetFP4Raw state" time="0.008696" classname="test" file="/Users/mschroeder/sources/repos/ioBroker/ioBroker.klf200/src/setupProducts.test.ts"/>
			<testcase name="should write the targetFP4Raw state with '54272'" time="0.008448" classname="test" file="/Users/mschroeder/sources/repos/ioBroker/ioBroker.klf200/src/setupProducts.test.ts"/>
			<testcase name="should write the targetFP4Raw state ack" time="0.008206" classname="test" file="/Users/mschroeder/sources/repos/ioBroker/ioBroker.klf200/src/setupProducts.test.ts"/>
			<testcase name="should create the limitationMPMinRaw state object" time="0.008330" classname="test" file="/Users/mschroeder/sources/repos/ioBroker/ioBroker.klf200/src/setupProducts.test.ts"/>
			<testcase name="should write the limitationMPMinRaw state" time="0.008221" classname="test" file="/Users/mschroeder/sources/repos/ioBroker/ioBroker.klf200/src/setupProducts.test.ts"/>
			<testcase name="should write the limitationMPMinRaw state with '0'" time="0.008819" classname="test" file="/Users/mschroeder/sources/repos/ioBroker/ioBroker.klf200/src/setupProducts.test.ts"/>
			<testcase name="should write the limitationMPMinRaw state ack" time="0.010539" classname="test" file="/Users/mschroeder/sources/repos/ioBroker/ioBroker.klf200/src/setupProducts.test.ts"/>
			<testcase name="should create the limitationMPMaxRaw state object" time="0.008738" classname="test" file="/Users/mschroeder/sources/repos/ioBroker/ioBroker.klf200/src/setupProducts.test.ts"/>
			<testcase name="should write the limitationMPMaxRaw state" time="0.008386" classname="test" file="/Users/mschroeder/sources/repos/ioBroker/ioBroker.klf200/src/setupProducts.test.ts"/>
			<testcase name="should write the limitationMPMaxRaw state with '51200'" time="0.008429" classname="test" file="/Users/mschroeder/sources/repos/ioBroker/ioBroker.klf200/src/setupProducts.test.ts"/>
			<testcase name="should write the limitationMPMaxRaw state ack" time="0.008695" classname="test" file="/Users/mschroeder/sources/repos/ioBroker/ioBroker.klf200/src/setupProducts.test.ts"/>
			<testcase name="should create the limitationMPMin state object" time="0.008788" classname="test" file="/Users/mschroeder/sources/repos/ioBroker/ioBroker.klf200/src/setupProducts.test.ts"/>
			<testcase name="should write the limitationMPMin state" time="0.008350" classname="test" file="/Users/mschroeder/sources/repos/ioBroker/ioBroker.klf200/src/setupProducts.test.ts"/>
			<testcase name="should write the limitationMPMin state with '100'" time="0.008252" classname="test" file="/Users/mschroeder/sources/repos/ioBroker/ioBroker.klf200/src/setupProducts.test.ts"/>
			<testcase name="should write the limitationMPMin state ack" time="0.012161" classname="test" file="/Users/mschroeder/sources/repos/ioBroker/ioBroker.klf200/src/setupProducts.test.ts"/>
			<testcase name="should create the limitationMPMax state object" time="0.008145" classname="test" file="/Users/mschroeder/sources/repos/ioBroker/ioBroker.klf200/src/setupProducts.test.ts"/>
			<testcase name="should write the limitationMPMax state" time="0.008349" classname="test" file="/Users/mschroeder/sources/repos/ioBroker/ioBroker.klf200/src/setupProducts.test.ts"/>
			<testcase name="should write the limitationMPMax state with '0'" time="0.008716" classname="test" file="/Users/mschroeder/sources/repos/ioBroker/ioBroker.klf200/src/setupProducts.test.ts"/>
			<testcase name="should write the limitationMPMax state ack" time="0.008298" classname="test" file="/Users/mschroeder/sources/repos/ioBroker/ioBroker.klf200/src/setupProducts.test.ts"/>
			<testcase name="should create the limitationMPOriginator state object" time="0.008729" classname="test" file="/Users/mschroeder/sources/repos/ioBroker/ioBroker.klf200/src/setupProducts.test.ts"/>
			<testcase name="should write the limitationMPOriginator state" time="0.007760" classname="test" file="/Users/mschroeder/sources/repos/ioBroker/ioBroker.klf200/src/setupProducts.test.ts"/>
			<testcase name="should write the limitationMPOriginator state with '1'" time="0.008131" classname="test" file="/Users/mschroeder/sources/repos/ioBroker/ioBroker.klf200/src/setupProducts.test.ts"/>
			<testcase name="should write the limitationMPOriginator state ack" time="0.008228" classname="test" file="/Users/mschroeder/sources/repos/ioBroker/ioBroker.klf200/src/setupProducts.test.ts"/>
			<testcase name="should create the limitationMPOriginatorMin state object" time="0.010057" classname="test" file="/Users/mschroeder/sources/repos/ioBroker/ioBroker.klf200/src/setupProducts.test.ts"/>
			<testcase name="should write the limitationMPOriginatorMin state" time="0.008057" classname="test" file="/Users/mschroeder/sources/repos/ioBroker/ioBroker.klf200/src/setupProducts.test.ts"/>
			<testcase name="should write the limitationMPOriginatorMin state with '1'" time="0.008766" classname="test" file="/Users/mschroeder/sources/repos/ioBroker/ioBroker.klf200/src/setupProducts.test.ts"/>
			<testcase name="should write the limitationMPOriginatorMin state ack" time="0.008003" classname="test" file="/Users/mschroeder/sources/repos/ioBroker/ioBroker.klf200/src/setupProducts.test.ts"/>
			<testcase name="should create the limitationMPOriginatorMax state object" time="0.007635" classname="test" file="/Users/mschroeder/sources/repos/ioBroker/ioBroker.klf200/src/setupProducts.test.ts"/>
			<testcase name="should write the limitationMPOriginatorMax state" time="0.008058" classname="test" file="/Users/mschroeder/sources/repos/ioBroker/ioBroker.klf200/src/setupProducts.test.ts"/>
			<testcase name="should write the limitationMPOriginatorMax state with '1'" time="0.008385" classname="test" file="/Users/mschroeder/sources/repos/ioBroker/ioBroker.klf200/src/setupProducts.test.ts"/>
			<testcase name="should write the limitationMPOriginatorMax state ack" time="0.008566" classname="test" file="/Users/mschroeder/sources/repos/ioBroker/ioBroker.klf200/src/setupProducts.test.ts"/>
			<testcase name="should create the limitationMPTimeRaw state object" time="0.009962" classname="test" file="/Users/mschroeder/sources/repos/ioBroker/ioBroker.klf200/src/setupProducts.test.ts"/>
			<testcase name="should write the limitationMPTimeRaw state" time="0.008477" classname="test" file="/Users/mschroeder/sources/repos/ioBroker/ioBroker.klf200/src/setupProducts.test.ts"/>
			<testcase name="should write the limitationMPTimeRaw state with '253'" time="0.007723" classname="test" file="/Users/mschroeder/sources/repos/ioBroker/ioBroker.klf200/src/setupProducts.test.ts"/>
			<testcase name="should write the limitationMPTimeRaw state ack" time="0.007988" classname="test" file="/Users/mschroeder/sources/repos/ioBroker/ioBroker.klf200/src/setupProducts.test.ts"/>
			<testcase name="should create the limitationMPTimeRawMin state object" time="0.008441" classname="test" file="/Users/mschroeder/sources/repos/ioBroker/ioBroker.klf200/src/setupProducts.test.ts"/>
			<testcase name="should write the limitationMPTimeRawMin state" time="0.007943" classname="test" file="/Users/mschroeder/sources/repos/ioBroker/ioBroker.klf200/src/setupProducts.test.ts"/>
			<testcase name="should write the limitationMPTimeRawMin state with '253'" time="0.008360" classname="test" file="/Users/mschroeder/sources/repos/ioBroker/ioBroker.klf200/src/setupProducts.test.ts"/>
			<testcase name="should write the limitationMPTimeRawMin state ack" time="0.007982" classname="test" file="/Users/mschroeder/sources/repos/ioBroker/ioBroker.klf200/src/setupProducts.test.ts"/>
			<testcase name="should create the limitationMPTimeRawMax state object" time="0.008668" classname="test" file="/Users/mschroeder/sources/repos/ioBroker/ioBroker.klf200/src/setupProducts.test.ts"/>
			<testcase name="should write the limitationMPTimeRawMax state" time="0.011875" classname="test" file="/Users/mschroeder/sources/repos/ioBroker/ioBroker.klf200/src/setupProducts.test.ts"/>
			<testcase name="should write the limitationMPTimeRawMax state with '253'" time="0.008711" classname="test" file="/Users/mschroeder/sources/repos/ioBroker/ioBroker.klf200/src/setupProducts.test.ts"/>
			<testcase name="should write the limitationMPTimeRawMax state ack" time="0.007933" classname="test" file="/Users/mschroeder/sources/repos/ioBroker/ioBroker.klf200/src/setupProducts.test.ts"/>
			<testcase name="should create the limitationMPTime state object" time="0.008611" classname="test" file="/Users/mschroeder/sources/repos/ioBroker/ioBroker.klf200/src/setupProducts.test.ts"/>
			<testcase name="should write the limitationMPTime state" time="0.007987" classname="test" file="/Users/mschroeder/sources/repos/ioBroker/ioBroker.klf200/src/setupProducts.test.ts"/>
			<testcase name="should write the limitationMPTime state with 'Infinity'" time="0.007886" classname="test" file="/Users/mschroeder/sources/repos/ioBroker/ioBroker.klf200/src/setupProducts.test.ts"/>
			<testcase name="should write the limitationMPTime state ack" time="0.008532" classname="test" file="/Users/mschroeder/sources/repos/ioBroker/ioBroker.klf200/src/setupProducts.test.ts"/>
			<testcase name="should create the limitationMPTimeMin state object" time="0.007911" classname="test" file="/Users/mschroeder/sources/repos/ioBroker/ioBroker.klf200/src/setupProducts.test.ts"/>
			<testcase name="should write the limitationMPTimeMin state" time="0.009998" classname="test" file="/Users/mschroeder/sources/repos/ioBroker/ioBroker.klf200/src/setupProducts.test.ts"/>
			<testcase name="should write the limitationMPTimeMin state with 'Infinity'" time="0.007994" classname="test" file="/Users/mschroeder/sources/repos/ioBroker/ioBroker.klf200/src/setupProducts.test.ts"/>
			<testcase name="should write the limitationMPTimeMin state ack" time="0.007949" classname="test" file="/Users/mschroeder/sources/repos/ioBroker/ioBroker.klf200/src/setupProducts.test.ts"/>
			<testcase name="should create the limitationMPTimeMax state object" time="0.008408" classname="test" file="/Users/mschroeder/sources/repos/ioBroker/ioBroker.klf200/src/setupProducts.test.ts"/>
			<testcase name="should write the limitationMPTimeMax state" time="0.008408" classname="test" file="/Users/mschroeder/sources/repos/ioBroker/ioBroker.klf200/src/setupProducts.test.ts"/>
			<testcase name="should write the limitationMPTimeMax state with 'Infinity'" time="0.008023" classname="test" file="/Users/mschroeder/sources/repos/ioBroker/ioBroker.klf200/src/setupProducts.test.ts"/>
			<testcase name="should write the limitationMPTimeMax state ack" time="0.008142" classname="test" file="/Users/mschroeder/sources/repos/ioBroker/ioBroker.klf200/src/setupProducts.test.ts"/>
			<testcase name="should create the limitationFP1MinRaw state object" time="0.008040" classname="test" file="/Users/mschroeder/sources/repos/ioBroker/ioBroker.klf200/src/setupProducts.test.ts"/>
			<testcase name="should write the limitationFP1MinRaw state" time="0.008175" classname="test" file="/Users/mschroeder/sources/repos/ioBroker/ioBroker.klf200/src/setupProducts.test.ts"/>
			<testcase name="should write the limitationFP1MinRaw state with '0'" time="0.010521" classname="test" file="/Users/mschroeder/sources/repos/ioBroker/ioBroker.klf200/src/setupProducts.test.ts"/>
			<testcase name="should write the limitationFP1MinRaw state ack" time="0.008098" classname="test" file="/Users/mschroeder/sources/repos/ioBroker/ioBroker.klf200/src/setupProducts.test.ts"/>
			<testcase name="should create the limitationFP1MaxRaw state object" time="0.008330" classname="test" file="/Users/mschroeder/sources/repos/ioBroker/ioBroker.klf200/src/setupProducts.test.ts"/>
			<testcase name="should write the limitationFP1MaxRaw state" time="0.008097" classname="test" file="/Users/mschroeder/sources/repos/ioBroker/ioBroker.klf200/src/setupProducts.test.ts"/>
			<testcase name="should write the limitationFP1MaxRaw state with '51200'" time="0.008527" classname="test" file="/Users/mschroeder/sources/repos/ioBroker/ioBroker.klf200/src/setupProducts.test.ts"/>
			<testcase name="should write the limitationFP1MaxRaw state ack" time="0.008319" classname="test" file="/Users/mschroeder/sources/repos/ioBroker/ioBroker.klf200/src/setupProducts.test.ts"/>
			<testcase name="should create the limitationFP1Min state object" time="0.008188" classname="test" file="/Users/mschroeder/sources/repos/ioBroker/ioBroker.klf200/src/setupProducts.test.ts"/>
			<testcase name="should write the limitationFP1Min state" time="0.008158" classname="test" file="/Users/mschroeder/sources/repos/ioBroker/ioBroker.klf200/src/setupProducts.test.ts"/>
			<testcase name="should write the limitationFP1Min state with '100'" time="0.012219" classname="test" file="/Users/mschroeder/sources/repos/ioBroker/ioBroker.klf200/src/setupProducts.test.ts"/>
			<testcase name="should write the limitationFP1Min state ack" time="0.008081" classname="test" file="/Users/mschroeder/sources/repos/ioBroker/ioBroker.klf200/src/setupProducts.test.ts"/>
			<testcase name="should create the limitationFP1Max state object" time="0.007887" classname="test" file="/Users/mschroeder/sources/repos/ioBroker/ioBroker.klf200/src/setupProducts.test.ts"/>
			<testcase name="should write the limitationFP1Max state" time="0.007865" classname="test" file="/Users/mschroeder/sources/repos/ioBroker/ioBroker.klf200/src/setupProducts.test.ts"/>
			<testcase name="should write the limitationFP1Max state with '0'" time="0.007801" classname="test" file="/Users/mschroeder/sources/repos/ioBroker/ioBroker.klf200/src/setupProducts.test.ts"/>
			<testcase name="should write the limitationFP1Max state ack" time="0.007812" classname="test" file="/Users/mschroeder/sources/repos/ioBroker/ioBroker.klf200/src/setupProducts.test.ts"/>
			<testcase name="should create the limitationFP1Originator state object" time="0.008220" classname="test" file="/Users/mschroeder/sources/repos/ioBroker/ioBroker.klf200/src/setupProducts.test.ts"/>
			<testcase name="should write the limitationFP1Originator state" time="0.007917" classname="test" file="/Users/mschroeder/sources/repos/ioBroker/ioBroker.klf200/src/setupProducts.test.ts"/>
			<testcase name="should write the limitationFP1Originator state with '1'" time="0.008273" classname="test" file="/Users/mschroeder/sources/repos/ioBroker/ioBroker.klf200/src/setupProducts.test.ts"/>
			<testcase name="should write the limitationFP1Originator state ack" time="0.009602" classname="test" file="/Users/mschroeder/sources/repos/ioBroker/ioBroker.klf200/src/setupProducts.test.ts"/>
			<testcase name="should create the limitationFP1OriginatorMin state object" time="0.007860" classname="test" file="/Users/mschroeder/sources/repos/ioBroker/ioBroker.klf200/src/setupProducts.test.ts"/>
			<testcase name="should write the limitationFP1OriginatorMin state" time="0.007917" classname="test" file="/Users/mschroeder/sources/repos/ioBroker/ioBroker.klf200/src/setupProducts.test.ts"/>
			<testcase name="should write the limitationFP1OriginatorMin state with '1'" time="0.008541" classname="test" file="/Users/mschroeder/sources/repos/ioBroker/ioBroker.klf200/src/setupProducts.test.ts"/>
			<testcase name="should write the limitationFP1OriginatorMin state ack" time="0.008152" classname="test" file="/Users/mschroeder/sources/repos/ioBroker/ioBroker.klf200/src/setupProducts.test.ts"/>
			<testcase name="should create the limitationFP1OriginatorMax state object" time="0.008383" classname="test" file="/Users/mschroeder/sources/repos/ioBroker/ioBroker.klf200/src/setupProducts.test.ts"/>
			<testcase name="should write the limitationFP1OriginatorMax state" time="0.008435" classname="test" file="/Users/mschroeder/sources/repos/ioBroker/ioBroker.klf200/src/setupProducts.test.ts"/>
			<testcase name="should write the limitationFP1OriginatorMax state with '1'" time="0.008127" classname="test" file="/Users/mschroeder/sources/repos/ioBroker/ioBroker.klf200/src/setupProducts.test.ts"/>
			<testcase name="should write the limitationFP1OriginatorMax state ack" time="0.010238" classname="test" file="/Users/mschroeder/sources/repos/ioBroker/ioBroker.klf200/src/setupProducts.test.ts"/>
			<testcase name="should create the limitationFP1TimeRaw state object" time="0.008038" classname="test" file="/Users/mschroeder/sources/repos/ioBroker/ioBroker.klf200/src/setupProducts.test.ts"/>
			<testcase name="should write the limitationFP1TimeRaw state" time="0.008405" classname="test" file="/Users/mschroeder/sources/repos/ioBroker/ioBroker.klf200/src/setupProducts.test.ts"/>
			<testcase name="should write the limitationFP1TimeRaw state with '253'" time="0.008138" classname="test" file="/Users/mschroeder/sources/repos/ioBroker/ioBroker.klf200/src/setupProducts.test.ts"/>
			<testcase name="should write the limitationFP1TimeRaw state ack" time="0.008047" classname="test" file="/Users/mschroeder/sources/repos/ioBroker/ioBroker.klf200/src/setupProducts.test.ts"/>
			<testcase name="should create the limitationFP1TimeRawMin state object" time="0.008454" classname="test" file="/Users/mschroeder/sources/repos/ioBroker/ioBroker.klf200/src/setupProducts.test.ts"/>
			<testcase name="should write the limitationFP1TimeRawMin state" time="0.007774" classname="test" file="/Users/mschroeder/sources/repos/ioBroker/ioBroker.klf200/src/setupProducts.test.ts"/>
			<testcase name="should write the limitationFP1TimeRawMin state with '253'" time="0.008278" classname="test" file="/Users/mschroeder/sources/repos/ioBroker/ioBroker.klf200/src/setupProducts.test.ts"/>
			<testcase name="should write the limitationFP1TimeRawMin state ack" time="0.008097" classname="test" file="/Users/mschroeder/sources/repos/ioBroker/ioBroker.klf200/src/setupProducts.test.ts"/>
			<testcase name="should create the limitationFP1TimeRawMax state object" time="0.011477" classname="test" file="/Users/mschroeder/sources/repos/ioBroker/ioBroker.klf200/src/setupProducts.test.ts"/>
			<testcase name="should write the limitationFP1TimeRawMax state" time="0.008496" classname="test" file="/Users/mschroeder/sources/repos/ioBroker/ioBroker.klf200/src/setupProducts.test.ts"/>
			<testcase name="should write the limitationFP1TimeRawMax state with '253'" time="0.008029" classname="test" file="/Users/mschroeder/sources/repos/ioBroker/ioBroker.klf200/src/setupProducts.test.ts"/>
			<testcase name="should write the limitationFP1TimeRawMax state ack" time="0.008233" classname="test" file="/Users/mschroeder/sources/repos/ioBroker/ioBroker.klf200/src/setupProducts.test.ts"/>
			<testcase name="should create the limitationFP1Time state object" time="0.007751" classname="test" file="/Users/mschroeder/sources/repos/ioBroker/ioBroker.klf200/src/setupProducts.test.ts"/>
			<testcase name="should write the limitationFP1Time state" time="0.008879" classname="test" file="/Users/mschroeder/sources/repos/ioBroker/ioBroker.klf200/src/setupProducts.test.ts"/>
			<testcase name="should write the limitationFP1Time state with 'Infinity'" time="0.007889" classname="test" file="/Users/mschroeder/sources/repos/ioBroker/ioBroker.klf200/src/setupProducts.test.ts"/>
			<testcase name="should write the limitationFP1Time state ack" time="0.007803" classname="test" file="/Users/mschroeder/sources/repos/ioBroker/ioBroker.klf200/src/setupProducts.test.ts"/>
			<testcase name="should create the limitationFP1TimeMin state object" time="0.007960" classname="test" file="/Users/mschroeder/sources/repos/ioBroker/ioBroker.klf200/src/setupProducts.test.ts"/>
			<testcase name="should write the limitationFP1TimeMin state" time="0.013315" classname="test" file="/Users/mschroeder/sources/repos/ioBroker/ioBroker.klf200/src/setupProducts.test.ts"/>
			<testcase name="should write the limitationFP1TimeMin state with 'Infinity'" time="0.009246" classname="test" file="/Users/mschroeder/sources/repos/ioBroker/ioBroker.klf200/src/setupProducts.test.ts"/>
			<testcase name="should write the limitationFP1TimeMin state ack" time="0.009551" classname="test" file="/Users/mschroeder/sources/repos/ioBroker/ioBroker.klf200/src/setupProducts.test.ts"/>
			<testcase name="should create the limitationFP1TimeMax state object" time="0.008807" classname="test" file="/Users/mschroeder/sources/repos/ioBroker/ioBroker.klf200/src/setupProducts.test.ts"/>
			<testcase name="should write the limitationFP1TimeMax state" time="0.008674" classname="test" file="/Users/mschroeder/sources/repos/ioBroker/ioBroker.klf200/src/setupProducts.test.ts"/>
			<testcase name="should write the limitationFP1TimeMax state with 'Infinity'" time="0.008230" classname="test" file="/Users/mschroeder/sources/repos/ioBroker/ioBroker.klf200/src/setupProducts.test.ts"/>
			<testcase name="should write the limitationFP1TimeMax state ack" time="0.007784" classname="test" file="/Users/mschroeder/sources/repos/ioBroker/ioBroker.klf200/src/setupProducts.test.ts"/>
			<testcase name="should create the limitationFP2MinRaw state object" time="0.007681" classname="test" file="/Users/mschroeder/sources/repos/ioBroker/ioBroker.klf200/src/setupProducts.test.ts"/>
			<testcase name="should write the limitationFP2MinRaw state" time="0.010134" classname="test" file="/Users/mschroeder/sources/repos/ioBroker/ioBroker.klf200/src/setupProducts.test.ts"/>
			<testcase name="should write the limitationFP2MinRaw state with '0'" time="0.009102" classname="test" file="/Users/mschroeder/sources/repos/ioBroker/ioBroker.klf200/src/setupProducts.test.ts"/>
			<testcase name="should write the limitationFP2MinRaw state ack" time="0.008179" classname="test" file="/Users/mschroeder/sources/repos/ioBroker/ioBroker.klf200/src/setupProducts.test.ts"/>
			<testcase name="should create the limitationFP2MaxRaw state object" time="0.007919" classname="test" file="/Users/mschroeder/sources/repos/ioBroker/ioBroker.klf200/src/setupProducts.test.ts"/>
			<testcase name="should write the limitationFP2MaxRaw state" time="0.008142" classname="test" file="/Users/mschroeder/sources/repos/ioBroker/ioBroker.klf200/src/setupProducts.test.ts"/>
			<testcase name="should write the limitationFP2MaxRaw state with '51200'" time="0.008070" classname="test" file="/Users/mschroeder/sources/repos/ioBroker/ioBroker.klf200/src/setupProducts.test.ts"/>
			<testcase name="should write the limitationFP2MaxRaw state ack" time="0.007909" classname="test" file="/Users/mschroeder/sources/repos/ioBroker/ioBroker.klf200/src/setupProducts.test.ts"/>
			<testcase name="should create the limitationFP2Min state object" time="0.007981" classname="test" file="/Users/mschroeder/sources/repos/ioBroker/ioBroker.klf200/src/setupProducts.test.ts"/>
			<testcase name="should write the limitationFP2Min state" time="0.008137" classname="test" file="/Users/mschroeder/sources/repos/ioBroker/ioBroker.klf200/src/setupProducts.test.ts"/>
			<testcase name="should write the limitationFP2Min state with '100'" time="0.012028" classname="test" file="/Users/mschroeder/sources/repos/ioBroker/ioBroker.klf200/src/setupProducts.test.ts"/>
			<testcase name="should write the limitationFP2Min state ack" time="0.007809" classname="test" file="/Users/mschroeder/sources/repos/ioBroker/ioBroker.klf200/src/setupProducts.test.ts"/>
			<testcase name="should create the limitationFP2Max state object" time="0.007672" classname="test" file="/Users/mschroeder/sources/repos/ioBroker/ioBroker.klf200/src/setupProducts.test.ts"/>
			<testcase name="should write the limitationFP2Max state" time="0.008207" classname="test" file="/Users/mschroeder/sources/repos/ioBroker/ioBroker.klf200/src/setupProducts.test.ts"/>
			<testcase name="should write the limitationFP2Max state with '0'" time="0.008301" classname="test" file="/Users/mschroeder/sources/repos/ioBroker/ioBroker.klf200/src/setupProducts.test.ts"/>
			<testcase name="should write the limitationFP2Max state ack" time="0.009192" classname="test" file="/Users/mschroeder/sources/repos/ioBroker/ioBroker.klf200/src/setupProducts.test.ts"/>
			<testcase name="should create the limitationFP2Originator state object" time="0.008340" classname="test" file="/Users/mschroeder/sources/repos/ioBroker/ioBroker.klf200/src/setupProducts.test.ts"/>
			<testcase name="should write the limitationFP2Originator state" time="0.007914" classname="test" file="/Users/mschroeder/sources/repos/ioBroker/ioBroker.klf200/src/setupProducts.test.ts"/>
			<testcase name="should write the limitationFP2Originator state with '1'" time="0.010283" classname="test" file="/Users/mschroeder/sources/repos/ioBroker/ioBroker.klf200/src/setupProducts.test.ts"/>
			<testcase name="should write the limitationFP2Originator state ack" time="0.008795" classname="test" file="/Users/mschroeder/sources/repos/ioBroker/ioBroker.klf200/src/setupProducts.test.ts"/>
			<testcase name="should create the limitationFP2OriginatorMin state object" time="0.008034" classname="test" file="/Users/mschroeder/sources/repos/ioBroker/ioBroker.klf200/src/setupProducts.test.ts"/>
			<testcase name="should write the limitationFP2OriginatorMin state" time="0.007871" classname="test" file="/Users/mschroeder/sources/repos/ioBroker/ioBroker.klf200/src/setupProducts.test.ts"/>
			<testcase name="should write the limitationFP2OriginatorMin state with '1'" time="0.007915" classname="test" file="/Users/mschroeder/sources/repos/ioBroker/ioBroker.klf200/src/setupProducts.test.ts"/>
			<testcase name="should write the limitationFP2OriginatorMin state ack" time="0.007638" classname="test" file="/Users/mschroeder/sources/repos/ioBroker/ioBroker.klf200/src/setupProducts.test.ts"/>
			<testcase name="should create the limitationFP2OriginatorMax state object" time="0.008625" classname="test" file="/Users/mschroeder/sources/repos/ioBroker/ioBroker.klf200/src/setupProducts.test.ts"/>
			<testcase name="should write the limitationFP2OriginatorMax state" time="0.007874" classname="test" file="/Users/mschroeder/sources/repos/ioBroker/ioBroker.klf200/src/setupProducts.test.ts"/>
			<testcase name="should write the limitationFP2OriginatorMax state with '1'" time="0.008704" classname="test" file="/Users/mschroeder/sources/repos/ioBroker/ioBroker.klf200/src/setupProducts.test.ts"/>
			<testcase name="should write the limitationFP2OriginatorMax state ack" time="0.010218" classname="test" file="/Users/mschroeder/sources/repos/ioBroker/ioBroker.klf200/src/setupProducts.test.ts"/>
			<testcase name="should create the limitationFP2TimeRaw state object" time="0.008644" classname="test" file="/Users/mschroeder/sources/repos/ioBroker/ioBroker.klf200/src/setupProducts.test.ts"/>
			<testcase name="should write the limitationFP2TimeRaw state" time="0.007666" classname="test" file="/Users/mschroeder/sources/repos/ioBroker/ioBroker.klf200/src/setupProducts.test.ts"/>
			<testcase name="should write the limitationFP2TimeRaw state with '253'" time="0.008147" classname="test" file="/Users/mschroeder/sources/repos/ioBroker/ioBroker.klf200/src/setupProducts.test.ts"/>
			<testcase name="should write the limitationFP2TimeRaw state ack" time="0.008054" classname="test" file="/Users/mschroeder/sources/repos/ioBroker/ioBroker.klf200/src/setupProducts.test.ts"/>
			<testcase name="should create the limitationFP2TimeRawMin state object" time="0.008449" classname="test" file="/Users/mschroeder/sources/repos/ioBroker/ioBroker.klf200/src/setupProducts.test.ts"/>
			<testcase name="should write the limitationFP2TimeRawMin state" time="0.008271" classname="test" file="/Users/mschroeder/sources/repos/ioBroker/ioBroker.klf200/src/setupProducts.test.ts"/>
			<testcase name="should write the limitationFP2TimeRawMin state with '253'" time="0.008436" classname="test" file="/Users/mschroeder/sources/repos/ioBroker/ioBroker.klf200/src/setupProducts.test.ts"/>
			<testcase name="should write the limitationFP2TimeRawMin state ack" time="0.012745" classname="test" file="/Users/mschroeder/sources/repos/ioBroker/ioBroker.klf200/src/setupProducts.test.ts"/>
			<testcase name="should create the limitationFP2TimeRawMax state object" time="0.007963" classname="test" file="/Users/mschroeder/sources/repos/ioBroker/ioBroker.klf200/src/setupProducts.test.ts"/>
			<testcase name="should write the limitationFP2TimeRawMax state" time="0.008283" classname="test" file="/Users/mschroeder/sources/repos/ioBroker/ioBroker.klf200/src/setupProducts.test.ts"/>
			<testcase name="should write the limitationFP2TimeRawMax state with '253'" time="0.007939" classname="test" file="/Users/mschroeder/sources/repos/ioBroker/ioBroker.klf200/src/setupProducts.test.ts"/>
			<testcase name="should write the limitationFP2TimeRawMax state ack" time="0.007996" classname="test" file="/Users/mschroeder/sources/repos/ioBroker/ioBroker.klf200/src/setupProducts.test.ts"/>
			<testcase name="should create the limitationFP2Time state object" time="0.007827" classname="test" file="/Users/mschroeder/sources/repos/ioBroker/ioBroker.klf200/src/setupProducts.test.ts"/>
			<testcase name="should write the limitationFP2Time state" time="0.007650" classname="test" file="/Users/mschroeder/sources/repos/ioBroker/ioBroker.klf200/src/setupProducts.test.ts"/>
			<testcase name="should write the limitationFP2Time state with 'Infinity'" time="0.007824" classname="test" file="/Users/mschroeder/sources/repos/ioBroker/ioBroker.klf200/src/setupProducts.test.ts"/>
			<testcase name="should write the limitationFP2Time state ack" time="0.008040" classname="test" file="/Users/mschroeder/sources/repos/ioBroker/ioBroker.klf200/src/setupProducts.test.ts"/>
			<testcase name="should create the limitationFP2TimeMin state object" time="0.010153" classname="test" file="/Users/mschroeder/sources/repos/ioBroker/ioBroker.klf200/src/setupProducts.test.ts"/>
			<testcase name="should write the limitationFP2TimeMin state" time="0.008308" classname="test" file="/Users/mschroeder/sources/repos/ioBroker/ioBroker.klf200/src/setupProducts.test.ts"/>
			<testcase name="should write the limitationFP2TimeMin state with 'Infinity'" time="0.008289" classname="test" file="/Users/mschroeder/sources/repos/ioBroker/ioBroker.klf200/src/setupProducts.test.ts"/>
			<testcase name="should write the limitationFP2TimeMin state ack" time="0.007984" classname="test" file="/Users/mschroeder/sources/repos/ioBroker/ioBroker.klf200/src/setupProducts.test.ts"/>
			<testcase name="should create the limitationFP2TimeMax state object" time="0.007717" classname="test" file="/Users/mschroeder/sources/repos/ioBroker/ioBroker.klf200/src/setupProducts.test.ts"/>
			<testcase name="should write the limitationFP2TimeMax state" time="0.008818" classname="test" file="/Users/mschroeder/sources/repos/ioBroker/ioBroker.klf200/src/setupProducts.test.ts"/>
			<testcase name="should write the limitationFP2TimeMax state with 'Infinity'" time="0.009712" classname="test" file="/Users/mschroeder/sources/repos/ioBroker/ioBroker.klf200/src/setupProducts.test.ts"/>
			<testcase name="should write the limitationFP2TimeMax state ack" time="0.009431" classname="test" file="/Users/mschroeder/sources/repos/ioBroker/ioBroker.klf200/src/setupProducts.test.ts"/>
			<testcase name="should create the limitationFP3MinRaw state object" time="0.015779" classname="test" file="/Users/mschroeder/sources/repos/ioBroker/ioBroker.klf200/src/setupProducts.test.ts"/>
			<testcase name="should write the limitationFP3MinRaw state" time="0.011111" classname="test" file="/Users/mschroeder/sources/repos/ioBroker/ioBroker.klf200/src/setupProducts.test.ts"/>
			<testcase name="should write the limitationFP3MinRaw state with '0'" time="0.009569" classname="test" file="/Users/mschroeder/sources/repos/ioBroker/ioBroker.klf200/src/setupProducts.test.ts"/>
			<testcase name="should write the limitationFP3MinRaw state ack" time="0.008616" classname="test" file="/Users/mschroeder/sources/repos/ioBroker/ioBroker.klf200/src/setupProducts.test.ts"/>
			<testcase name="should create the limitationFP3MaxRaw state object" time="0.008406" classname="test" file="/Users/mschroeder/sources/repos/ioBroker/ioBroker.klf200/src/setupProducts.test.ts"/>
			<testcase name="should write the limitationFP3MaxRaw state" time="0.008239" classname="test" file="/Users/mschroeder/sources/repos/ioBroker/ioBroker.klf200/src/setupProducts.test.ts"/>
			<testcase name="should write the limitationFP3MaxRaw state with '51200'" time="0.008928" classname="test" file="/Users/mschroeder/sources/repos/ioBroker/ioBroker.klf200/src/setupProducts.test.ts"/>
			<testcase name="should write the limitationFP3MaxRaw state ack" time="0.008418" classname="test" file="/Users/mschroeder/sources/repos/ioBroker/ioBroker.klf200/src/setupProducts.test.ts"/>
			<testcase name="should create the limitationFP3Min state object" time="0.007953" classname="test" file="/Users/mschroeder/sources/repos/ioBroker/ioBroker.klf200/src/setupProducts.test.ts"/>
			<testcase name="should write the limitationFP3Min state" time="0.013868" classname="test" file="/Users/mschroeder/sources/repos/ioBroker/ioBroker.klf200/src/setupProducts.test.ts"/>
			<testcase name="should write the limitationFP3Min state with '100'" time="0.007840" classname="test" file="/Users/mschroeder/sources/repos/ioBroker/ioBroker.klf200/src/setupProducts.test.ts"/>
			<testcase name="should write the limitationFP3Min state ack" time="0.007894" classname="test" file="/Users/mschroeder/sources/repos/ioBroker/ioBroker.klf200/src/setupProducts.test.ts"/>
			<testcase name="should create the limitationFP3Max state object" time="0.007572" classname="test" file="/Users/mschroeder/sources/repos/ioBroker/ioBroker.klf200/src/setupProducts.test.ts"/>
			<testcase name="should write the limitationFP3Max state" time="0.008808" classname="test" file="/Users/mschroeder/sources/repos/ioBroker/ioBroker.klf200/src/setupProducts.test.ts"/>
			<testcase name="should write the limitationFP3Max state with '0'" time="0.008347" classname="test" file="/Users/mschroeder/sources/repos/ioBroker/ioBroker.klf200/src/setupProducts.test.ts"/>
			<testcase name="should write the limitationFP3Max state ack" time="0.008086" classname="test" file="/Users/mschroeder/sources/repos/ioBroker/ioBroker.klf200/src/setupProducts.test.ts"/>
			<testcase name="should create the limitationFP3Originator state object" time="0.008127" classname="test" file="/Users/mschroeder/sources/repos/ioBroker/ioBroker.klf200/src/setupProducts.test.ts"/>
			<testcase name="should write the limitationFP3Originator state" time="0.007925" classname="test" file="/Users/mschroeder/sources/repos/ioBroker/ioBroker.klf200/src/setupProducts.test.ts"/>
			<testcase name="should write the limitationFP3Originator state with '1'" time="0.009907" classname="test" file="/Users/mschroeder/sources/repos/ioBroker/ioBroker.klf200/src/setupProducts.test.ts"/>
			<testcase name="should write the limitationFP3Originator state ack" time="0.008279" classname="test" file="/Users/mschroeder/sources/repos/ioBroker/ioBroker.klf200/src/setupProducts.test.ts"/>
			<testcase name="should create the limitationFP3OriginatorMin state object" time="0.008557" classname="test" file="/Users/mschroeder/sources/repos/ioBroker/ioBroker.klf200/src/setupProducts.test.ts"/>
			<testcase name="should write the limitationFP3OriginatorMin state" time="0.007651" classname="test" file="/Users/mschroeder/sources/repos/ioBroker/ioBroker.klf200/src/setupProducts.test.ts"/>
			<testcase name="should write the limitationFP3OriginatorMin state with '1'" time="0.007968" classname="test" file="/Users/mschroeder/sources/repos/ioBroker/ioBroker.klf200/src/setupProducts.test.ts"/>
			<testcase name="should write the limitationFP3OriginatorMin state ack" time="0.008441" classname="test" file="/Users/mschroeder/sources/repos/ioBroker/ioBroker.klf200/src/setupProducts.test.ts"/>
			<testcase name="should create the limitationFP3OriginatorMax state object" time="0.008246" classname="test" file="/Users/mschroeder/sources/repos/ioBroker/ioBroker.klf200/src/setupProducts.test.ts"/>
			<testcase name="should write the limitationFP3OriginatorMax state" time="0.008385" classname="test" file="/Users/mschroeder/sources/repos/ioBroker/ioBroker.klf200/src/setupProducts.test.ts"/>
			<testcase name="should write the limitationFP3OriginatorMax state with '1'" time="0.010101" classname="test" file="/Users/mschroeder/sources/repos/ioBroker/ioBroker.klf200/src/setupProducts.test.ts"/>
			<testcase name="should write the limitationFP3OriginatorMax state ack" time="0.008393" classname="test" file="/Users/mschroeder/sources/repos/ioBroker/ioBroker.klf200/src/setupProducts.test.ts"/>
			<testcase name="should create the limitationFP3TimeRaw state object" time="0.007900" classname="test" file="/Users/mschroeder/sources/repos/ioBroker/ioBroker.klf200/src/setupProducts.test.ts"/>
			<testcase name="should write the limitationFP3TimeRaw state" time="0.007752" classname="test" file="/Users/mschroeder/sources/repos/ioBroker/ioBroker.klf200/src/setupProducts.test.ts"/>
			<testcase name="should write the limitationFP3TimeRaw state with '253'" time="0.007709" classname="test" file="/Users/mschroeder/sources/repos/ioBroker/ioBroker.klf200/src/setupProducts.test.ts"/>
			<testcase name="should write the limitationFP3TimeRaw state ack" time="0.007793" classname="test" file="/Users/mschroeder/sources/repos/ioBroker/ioBroker.klf200/src/setupProducts.test.ts"/>
			<testcase name="should create the limitationFP3TimeRawMin state object" time="0.007755" classname="test" file="/Users/mschroeder/sources/repos/ioBroker/ioBroker.klf200/src/setupProducts.test.ts"/>
			<testcase name="should write the limitationFP3TimeRawMin state" time="0.007851" classname="test" file="/Users/mschroeder/sources/repos/ioBroker/ioBroker.klf200/src/setupProducts.test.ts"/>
			<testcase name="should write the limitationFP3TimeRawMin state with '253'" time="0.008059" classname="test" file="/Users/mschroeder/sources/repos/ioBroker/ioBroker.klf200/src/setupProducts.test.ts"/>
			<testcase name="should write the limitationFP3TimeRawMin state ack" time="0.012612" classname="test" file="/Users/mschroeder/sources/repos/ioBroker/ioBroker.klf200/src/setupProducts.test.ts"/>
			<testcase name="should create the limitationFP3TimeRawMax state object" time="0.007828" classname="test" file="/Users/mschroeder/sources/repos/ioBroker/ioBroker.klf200/src/setupProducts.test.ts"/>
			<testcase name="should write the limitationFP3TimeRawMax state" time="0.007874" classname="test" file="/Users/mschroeder/sources/repos/ioBroker/ioBroker.klf200/src/setupProducts.test.ts"/>
			<testcase name="should write the limitationFP3TimeRawMax state with '253'" time="0.008380" classname="test" file="/Users/mschroeder/sources/repos/ioBroker/ioBroker.klf200/src/setupProducts.test.ts"/>
			<testcase name="should write the limitationFP3TimeRawMax state ack" time="0.007933" classname="test" file="/Users/mschroeder/sources/repos/ioBroker/ioBroker.klf200/src/setupProducts.test.ts"/>
			<testcase name="should create the limitationFP3Time state object" time="0.008011" classname="test" file="/Users/mschroeder/sources/repos/ioBroker/ioBroker.klf200/src/setupProducts.test.ts"/>
			<testcase name="should write the limitationFP3Time state" time="0.007947" classname="test" file="/Users/mschroeder/sources/repos/ioBroker/ioBroker.klf200/src/setupProducts.test.ts"/>
			<testcase name="should write the limitationFP3Time state with 'Infinity'" time="0.007847" classname="test" file="/Users/mschroeder/sources/repos/ioBroker/ioBroker.klf200/src/setupProducts.test.ts"/>
			<testcase name="should write the limitationFP3Time state ack" time="0.009871" classname="test" file="/Users/mschroeder/sources/repos/ioBroker/ioBroker.klf200/src/setupProducts.test.ts"/>
			<testcase name="should create the limitationFP3TimeMin state object" time="0.007862" classname="test" file="/Users/mschroeder/sources/repos/ioBroker/ioBroker.klf200/src/setupProducts.test.ts"/>
			<testcase name="should write the limitationFP3TimeMin state" time="0.008034" classname="test" file="/Users/mschroeder/sources/repos/ioBroker/ioBroker.klf200/src/setupProducts.test.ts"/>
			<testcase name="should write the limitationFP3TimeMin state with 'Infinity'" time="0.007817" classname="test" file="/Users/mschroeder/sources/repos/ioBroker/ioBroker.klf200/src/setupProducts.test.ts"/>
			<testcase name="should write the limitationFP3TimeMin state ack" time="0.007748" classname="test" file="/Users/mschroeder/sources/repos/ioBroker/ioBroker.klf200/src/setupProducts.test.ts"/>
			<testcase name="should create the limitationFP3TimeMax state object" time="0.007724" classname="test" file="/Users/mschroeder/sources/repos/ioBroker/ioBroker.klf200/src/setupProducts.test.ts"/>
			<testcase name="should write the limitationFP3TimeMax state" time="0.008128" classname="test" file="/Users/mschroeder/sources/repos/ioBroker/ioBroker.klf200/src/setupProducts.test.ts"/>
			<testcase name="should write the limitationFP3TimeMax state with 'Infinity'" time="0.007803" classname="test" file="/Users/mschroeder/sources/repos/ioBroker/ioBroker.klf200/src/setupProducts.test.ts"/>
			<testcase name="should write the limitationFP3TimeMax state ack" time="0.007984" classname="test" file="/Users/mschroeder/sources/repos/ioBroker/ioBroker.klf200/src/setupProducts.test.ts"/>
			<testcase name="should create the limitationFP4MinRaw state object" time="0.010138" classname="test" file="/Users/mschroeder/sources/repos/ioBroker/ioBroker.klf200/src/setupProducts.test.ts"/>
			<testcase name="should write the limitationFP4MinRaw state" time="0.008248" classname="test" file="/Users/mschroeder/sources/repos/ioBroker/ioBroker.klf200/src/setupProducts.test.ts"/>
			<testcase name="should write the limitationFP4MinRaw state with '0'" time="0.008088" classname="test" file="/Users/mschroeder/sources/repos/ioBroker/ioBroker.klf200/src/setupProducts.test.ts"/>
			<testcase name="should write the limitationFP4MinRaw state ack" time="0.007954" classname="test" file="/Users/mschroeder/sources/repos/ioBroker/ioBroker.klf200/src/setupProducts.test.ts"/>
			<testcase name="should create the limitationFP4MaxRaw state object" time="0.017499" classname="test" file="/Users/mschroeder/sources/repos/ioBroker/ioBroker.klf200/src/setupProducts.test.ts"/>
			<testcase name="should write the limitationFP4MaxRaw state" time="0.008315" classname="test" file="/Users/mschroeder/sources/repos/ioBroker/ioBroker.klf200/src/setupProducts.test.ts"/>
			<testcase name="should write the limitationFP4MaxRaw state with '51200'" time="0.007853" classname="test" file="/Users/mschroeder/sources/repos/ioBroker/ioBroker.klf200/src/setupProducts.test.ts"/>
			<testcase name="should write the limitationFP4MaxRaw state ack" time="0.008378" classname="test" file="/Users/mschroeder/sources/repos/ioBroker/ioBroker.klf200/src/setupProducts.test.ts"/>
			<testcase name="should create the limitationFP4Min state object" time="0.007812" classname="test" file="/Users/mschroeder/sources/repos/ioBroker/ioBroker.klf200/src/setupProducts.test.ts"/>
			<testcase name="should write the limitationFP4Min state" time="0.008191" classname="test" file="/Users/mschroeder/sources/repos/ioBroker/ioBroker.klf200/src/setupProducts.test.ts"/>
			<testcase name="should write the limitationFP4Min state with '100'" time="0.008120" classname="test" file="/Users/mschroeder/sources/repos/ioBroker/ioBroker.klf200/src/setupProducts.test.ts"/>
			<testcase name="should write the limitationFP4Min state ack" time="0.008140" classname="test" file="/Users/mschroeder/sources/repos/ioBroker/ioBroker.klf200/src/setupProducts.test.ts"/>
			<testcase name="should create the limitationFP4Max state object" time="0.007674" classname="test" file="/Users/mschroeder/sources/repos/ioBroker/ioBroker.klf200/src/setupProducts.test.ts"/>
			<testcase name="should write the limitationFP4Max state" time="0.008342" classname="test" file="/Users/mschroeder/sources/repos/ioBroker/ioBroker.klf200/src/setupProducts.test.ts"/>
			<testcase name="should write the limitationFP4Max state with '0'" time="0.009819" classname="test" file="/Users/mschroeder/sources/repos/ioBroker/ioBroker.klf200/src/setupProducts.test.ts"/>
			<testcase name="should write the limitationFP4Max state ack" time="0.008128" classname="test" file="/Users/mschroeder/sources/repos/ioBroker/ioBroker.klf200/src/setupProducts.test.ts"/>
			<testcase name="should create the limitationFP4Originator state object" time="0.008447" classname="test" file="/Users/mschroeder/sources/repos/ioBroker/ioBroker.klf200/src/setupProducts.test.ts"/>
			<testcase name="should write the limitationFP4Originator state" time="0.008185" classname="test" file="/Users/mschroeder/sources/repos/ioBroker/ioBroker.klf200/src/setupProducts.test.ts"/>
			<testcase name="should write the limitationFP4Originator state with '1'" time="0.007787" classname="test" file="/Users/mschroeder/sources/repos/ioBroker/ioBroker.klf200/src/setupProducts.test.ts"/>
			<testcase name="should write the limitationFP4Originator state ack" time="0.008491" classname="test" file="/Users/mschroeder/sources/repos/ioBroker/ioBroker.klf200/src/setupProducts.test.ts"/>
			<testcase name="should create the limitationFP4OriginatorMin state object" time="0.008112" classname="test" file="/Users/mschroeder/sources/repos/ioBroker/ioBroker.klf200/src/setupProducts.test.ts"/>
			<testcase name="should write the limitationFP4OriginatorMin state" time="0.008360" classname="test" file="/Users/mschroeder/sources/repos/ioBroker/ioBroker.klf200/src/setupProducts.test.ts"/>
			<testcase name="should write the limitationFP4OriginatorMin state with '1'" time="0.010533" classname="test" file="/Users/mschroeder/sources/repos/ioBroker/ioBroker.klf200/src/setupProducts.test.ts"/>
			<testcase name="should write the limitationFP4OriginatorMin state ack" time="0.007845" classname="test" file="/Users/mschroeder/sources/repos/ioBroker/ioBroker.klf200/src/setupProducts.test.ts"/>
			<testcase name="should create the limitationFP4OriginatorMax state object" time="0.008633" classname="test" file="/Users/mschroeder/sources/repos/ioBroker/ioBroker.klf200/src/setupProducts.test.ts"/>
			<testcase name="should write the limitationFP4OriginatorMax state" time="0.007810" classname="test" file="/Users/mschroeder/sources/repos/ioBroker/ioBroker.klf200/src/setupProducts.test.ts"/>
			<testcase name="should write the limitationFP4OriginatorMax state with '1'" time="0.008309" classname="test" file="/Users/mschroeder/sources/repos/ioBroker/ioBroker.klf200/src/setupProducts.test.ts"/>
			<testcase name="should write the limitationFP4OriginatorMax state ack" time="0.008420" classname="test" file="/Users/mschroeder/sources/repos/ioBroker/ioBroker.klf200/src/setupProducts.test.ts"/>
			<testcase name="should create the limitationFP4TimeRaw state object" time="0.007857" classname="test" file="/Users/mschroeder/sources/repos/ioBroker/ioBroker.klf200/src/setupProducts.test.ts"/>
			<testcase name="should write the limitationFP4TimeRaw state" time="0.007792" classname="test" file="/Users/mschroeder/sources/repos/ioBroker/ioBroker.klf200/src/setupProducts.test.ts"/>
			<testcase name="should write the limitationFP4TimeRaw state with '253'" time="0.007666" classname="test" file="/Users/mschroeder/sources/repos/ioBroker/ioBroker.klf200/src/setupProducts.test.ts"/>
			<testcase name="should write the limitationFP4TimeRaw state ack" time="0.011959" classname="test" file="/Users/mschroeder/sources/repos/ioBroker/ioBroker.klf200/src/setupProducts.test.ts"/>
			<testcase name="should create the limitationFP4TimeRawMin state object" time="0.008472" classname="test" file="/Users/mschroeder/sources/repos/ioBroker/ioBroker.klf200/src/setupProducts.test.ts"/>
			<testcase name="should write the limitationFP4TimeRawMin state" time="0.008110" classname="test" file="/Users/mschroeder/sources/repos/ioBroker/ioBroker.klf200/src/setupProducts.test.ts"/>
			<testcase name="should write the limitationFP4TimeRawMin state with '253'" time="0.008432" classname="test" file="/Users/mschroeder/sources/repos/ioBroker/ioBroker.klf200/src/setupProducts.test.ts"/>
			<testcase name="should write the limitationFP4TimeRawMin state ack" time="0.007539" classname="test" file="/Users/mschroeder/sources/repos/ioBroker/ioBroker.klf200/src/setupProducts.test.ts"/>
			<testcase name="should create the limitationFP4TimeRawMax state object" time="0.007509" classname="test" file="/Users/mschroeder/sources/repos/ioBroker/ioBroker.klf200/src/setupProducts.test.ts"/>
			<testcase name="should write the limitationFP4TimeRawMax state" time="0.008017" classname="test" file="/Users/mschroeder/sources/repos/ioBroker/ioBroker.klf200/src/setupProducts.test.ts"/>
			<testcase name="should write the limitationFP4TimeRawMax state with '253'" time="0.007892" classname="test" file="/Users/mschroeder/sources/repos/ioBroker/ioBroker.klf200/src/setupProducts.test.ts"/>
			<testcase name="should write the limitationFP4TimeRawMax state ack" time="0.009906" classname="test" file="/Users/mschroeder/sources/repos/ioBroker/ioBroker.klf200/src/setupProducts.test.ts"/>
			<testcase name="should create the limitationFP4Time state object" time="0.008281" classname="test" file="/Users/mschroeder/sources/repos/ioBroker/ioBroker.klf200/src/setupProducts.test.ts"/>
			<testcase name="should write the limitationFP4Time state" time="0.007779" classname="test" file="/Users/mschroeder/sources/repos/ioBroker/ioBroker.klf200/src/setupProducts.test.ts"/>
			<testcase name="should write the limitationFP4Time state with 'Infinity'" time="0.008638" classname="test" file="/Users/mschroeder/sources/repos/ioBroker/ioBroker.klf200/src/setupProducts.test.ts"/>
			<testcase name="should write the limitationFP4Time state ack" time="0.007569" classname="test" file="/Users/mschroeder/sources/repos/ioBroker/ioBroker.klf200/src/setupProducts.test.ts"/>
			<testcase name="should create the limitationFP4TimeMin state object" time="0.007997" classname="test" file="/Users/mschroeder/sources/repos/ioBroker/ioBroker.klf200/src/setupProducts.test.ts"/>
			<testcase name="should write the limitationFP4TimeMin state" time="0.007887" classname="test" file="/Users/mschroeder/sources/repos/ioBroker/ioBroker.klf200/src/setupProducts.test.ts"/>
			<testcase name="should write the limitationFP4TimeMin state with 'Infinity'" time="0.007652" classname="test" file="/Users/mschroeder/sources/repos/ioBroker/ioBroker.klf200/src/setupProducts.test.ts"/>
			<testcase name="should write the limitationFP4TimeMin state ack" time="0.008504" classname="test" file="/Users/mschroeder/sources/repos/ioBroker/ioBroker.klf200/src/setupProducts.test.ts"/>
			<testcase name="should create the limitationFP4TimeMax state object" time="0.010168" classname="test" file="/Users/mschroeder/sources/repos/ioBroker/ioBroker.klf200/src/setupProducts.test.ts"/>
			<testcase name="should write the limitationFP4TimeMax state" time="0.008330" classname="test" file="/Users/mschroeder/sources/repos/ioBroker/ioBroker.klf200/src/setupProducts.test.ts"/>
			<testcase name="should write the limitationFP4TimeMax state with 'Infinity'" time="0.008116" classname="test" file="/Users/mschroeder/sources/repos/ioBroker/ioBroker.klf200/src/setupProducts.test.ts"/>
			<testcase name="should write the limitationFP4TimeMax state ack" time="0.007862" classname="test" file="/Users/mschroeder/sources/repos/ioBroker/ioBroker.klf200/src/setupProducts.test.ts"/>
			<testcase name="should create the refreshLimitation state object" time="0.007756" classname="test" file="/Users/mschroeder/sources/repos/ioBroker/ioBroker.klf200/src/setupProducts.test.ts"/>
			<testcase name="should write the refreshLimitation state" time="0.007650" classname="test" file="/Users/mschroeder/sources/repos/ioBroker/ioBroker.klf200/src/setupProducts.test.ts"/>
			<testcase name="should write the refreshLimitation state with 'false'" time="0.008101" classname="test" file="/Users/mschroeder/sources/repos/ioBroker/ioBroker.klf200/src/setupProducts.test.ts"/>
			<testcase name="should write the refreshLimitation state ack" time="0.008158" classname="test" file="/Users/mschroeder/sources/repos/ioBroker/ioBroker.klf200/src/setupProducts.test.ts"/>
			<testsuite name="changes on targetPosition" time="0.020477" disabled="0" errors="0" tests="2" failures="0" skipped="0" timestamp="2026-09-03T16:04:26.616Z" hostname="NCC-1701-E-2.fritz.box">
				<testcase name="should write the targetPosition state with '50' after change notificiation" time="0.012492" classname="test" file="/Users/mschroeder/sources/repos/ioBroker/ioBroker.klf200/src/setupProducts.test.ts"/>
				<testcase name="should write the targetPosition state ack after change notificiation" time="0.007857" classname="test" file="/Users/mschroeder/sources/repos/ioBroker/ioBroker.klf200/src/setupProducts.test.ts"/>
			</testsuite>
			<testsuite name="changes on currentPositionRaw" time="0.016864" disabled="0" errors="0" tests="2" failures="0" skipped="0" timestamp="2026-09-03T16:04:26.620Z" hostname="NCC-1701-E-2.fritz.box">
				<testcase name="should write the currentPositionRaw state with '51456' after change notificiation" time="0.008248" classname="test" file="/Users/mschroeder/sources/repos/ioBroker/ioBroker.klf200/src/setupProducts.test.ts"/>
				<testcase name="should write the currentPositionRaw state ack after change notificiation" time="0.008548" classname="test" file="/Users/mschroeder/sources/repos/ioBroker/ioBroker.klf200/src/setupProducts.test.ts"/>
			</testsuite>
			<testsuite name="changes on FP1CurrentPositionRaw" time="0.016239" disabled="0" errors="0" tests="2" failures="0" skipped="0" timestamp="2026-09-03T16:04:26.620Z" hostname="NCC-1701-E-2.fritz.box">
				<testcase name="should write the FP1CurrentPositionRaw state with '51456' after change notificiation" time="0.008032" classname="test" file="/Users/mschroeder/sources/repos/ioBroker/ioBroker.klf200/src/setupProducts.test.ts"/>
				<testcase name="should write the FP1CurrentPositionRaw state ack after change notificiation" time="0.008148" classname="test" file="/Users/mschroeder/sources/repos/ioBroker/ioBroker.klf200/src/setupProducts.test.ts"/>
			</testsuite>
			<testsuite name="changes on FP2CurrentPositionRaw" time="0.016888" disabled="0" errors="0" tests="2" failures="0" skipped="0" timestamp="2026-09-03T16:04:26.620Z" hostname="NCC-1701-E-2.fritz.box">
				<testcase name="should write the FP2CurrentPositionRaw state with '51456' after change notificiation" time="0.008491" classname="test" file="/Users/mschroeder/sources/repos/ioBroker/ioBroker.klf200/src/setupProducts.test.ts"/>
				<testcase name="should write the FP2CurrentPositionRaw state ack after change notificiation" time="0.008338" classname="test" file="/Users/mschroeder/sources/repos/ioBroker/ioBroker.klf200/src/setupProducts.test.ts"/>
			</testsuite>
			<testsuite name="changes on FP3CurrentPositionRaw" time="0.018146" disabled="0" errors="0" tests="2" failures="0" skipped="0" timestamp="2026-09-03T16:04:26.619Z" hostname="NCC-1701-E-2.fritz.box">
				<testcase name="should write the FP3CurrentPositionRaw state with '51456' after change notificiation" time="0.007868" classname="test" file="/Users/mschroeder/sources/repos/ioBroker/ioBroker.klf200/src/setupProducts.test.ts"/>
				<testcase name="should write the FP3CurrentPositionRaw state ack after change notificiation" time="0.010215" classname="test" file="/Users/mschroeder/sources/repos/ioBroker/ioBroker.klf200/src/setupProducts.test.ts"/>
			</testsuite>
			<testsuite name="changes on FP4CurrentPositionRaw" time="0.017340" disabled="0" errors="0" tests="2" failures="0" skipped="0" timestamp="2026-09-03T16:04:26.620Z" hostname="NCC-1701-E-2.fritz.box">
				<testcase name="should write the FP4CurrentPositionRaw state with '51456' after change notificiation" time="0.008292" classname="test" file="/Users/mschroeder/sources/repos/ioBroker/ioBroker.klf200/src/setupProducts.test.ts"/>
				<testcase name="should write the FP4CurrentPositionRaw state ack after change notificiation" time="0.008986" classname="test" file="/Users/mschroeder/sources/repos/ioBroker/ioBroker.klf200/src/setupProducts.test.ts"/>
			</testsuite>
			<testsuite name="changes on nodeVariation" time="0.018012" disabled="0" errors="0" tests="2" failures="0" skipped="0" timestamp="2026-09-03T16:04:26.619Z" hostname="NCC-1701-E-2.fritz.box">
				<testcase name="should write the nodeVariation state with '2' after change notificiation" time="0.009502" classname="test" file="/Users/mschroeder/sources/repos/ioBroker/ioBroker.klf200/src/setupProducts.test.ts"/>
				<testcase name="should write the nodeVariation state ack after change notificiation" time="0.008431" classname="test" file="/Users/mschroeder/sources/repos/ioBroker/ioBroker.klf200/src/setupProducts.test.ts"/>
			</testsuite>
			<testsuite name="changes on order" time="0.015928" disabled="0" errors="0" tests="2" failures="0" skipped="0" timestamp="2026-09-03T16:04:26.622Z" hostname="NCC-1701-E-2.fritz.box">
				<testcase name="should write the order state with '2' after change notificiation" time="0.007945" classname="test" file="/Users/mschroeder/sources/repos/ioBroker/ioBroker.klf200/src/setupProducts.test.ts"/>
				<testcase name="should write the order state ack after change notificiation" time="0.007923" classname="test" file="/Users/mschroeder/sources/repos/ioBroker/ioBroker.klf200/src/setupProducts.test.ts"/>
			</testsuite>
			<testsuite name="changes on placement" time="0.019105" disabled="0" errors="0" tests="2" failures="0" skipped="0" timestamp="2026-09-03T16:04:26.618Z" hostname="NCC-1701-E-2.fritz.box">
				<testcase name="should write the placement state with '1' after change notificiation" time="0.008425" classname="test" file="/Users/mschroeder/sources/repos/ioBroker/ioBroker.klf200/src/setupProducts.test.ts"/>
				<testcase name="should write the placement state ack after change notificiation" time="0.010615" classname="test" file="/Users/mschroeder/sources/repos/ioBroker/ioBroker.klf200/src/setupProducts.test.ts"/>
			</testsuite>
			<testsuite name="changes on remainingTime" time="0.016612" disabled="0" errors="0" tests="2" failures="0" skipped="0" timestamp="2026-09-03T16:04:26.621Z" hostname="NCC-1701-E-2.fritz.box">
				<testcase name="should write the remainingTime state with '8' after change notificiation" time="0.008525" classname="test" file="/Users/mschroeder/sources/repos/ioBroker/ioBroker.klf200/src/setupProducts.test.ts"/>
				<testcase name="should write the remainingTime state ack after change notificiation" time="0.007985" classname="test" file="/Users/mschroeder/sources/repos/ioBroker/ioBroker.klf200/src/setupProducts.test.ts"/>
			</testsuite>
			<testsuite name="changes on runStatus" time="0.016390" disabled="0" errors="0" tests="2" failures="0" skipped="0" timestamp="2026-09-03T16:04:26.621Z" hostname="NCC-1701-E-2.fritz.box">
				<testcase name="should write the runStatus state with '2' after change notificiation" time="0.008488" classname="test" file="/Users/mschroeder/sources/repos/ioBroker/ioBroker.klf200/src/setupProducts.test.ts"/>
				<testcase name="should write the runStatus state ack after change notificiation" time="0.007808" classname="test" file="/Users/mschroeder/sources/repos/ioBroker/ioBroker.klf200/src/setupProducts.test.ts"/>
			</testsuite>
			<testsuite name="changes on state" time="0.016758" disabled="0" errors="0" tests="2" failures="0" skipped="0" timestamp="2026-09-03T16:04:26.621Z" hostname="NCC-1701-E-2.fritz.box">
				<testcase name="should write the state state with '4' after change notificiation" time="0.008489" classname="test" file="/Users/mschroeder/sources/repos/ioBroker/ioBroker.klf200/src/setupProducts.test.ts"/>
				<testcase name="should write the state state ack after change notificiation" time="0.008211" classname="test" file="/Users/mschroeder/sources/repos/ioBroker/ioBroker.klf200/src/setupProducts.test.ts"/>
			</testsuite>
			<testsuite name="changes on statusReply" time="0.020307" disabled="0" errors="0" tests="2" failures="0" skipped="0" timestamp="2026-09-03T16:04:26.617Z" hostname="NCC-1701-E-2.fritz.box">
				<testcase name="should write the statusReply state with '22' after change notificiation" time="0.008317" classname="test" file="/Users/mschroeder/sources/repos/ioBroker/ioBroker.klf200/src/setupProducts.test.ts"/>
				<testcase name="should write the statusReply state ack after change notificiation" time="0.011926" classname="test" file="/Users/mschroeder/sources/repos/ioBroker/ioBroker.klf200/src/setupProducts.test.ts"/>
			</testsuite>
			<testsuite name="changes on targetPositionRaw" time="0.016475" disabled="0" errors="0" tests="2" failures="0" skipped="0" timestamp="2026-09-03T16:04:26.622Z" hostname="NCC-1701-E-2.fritz.box">
				<testcase name="should write the targetPositionRaw state with '51456' after change notificiation" time="0.008082" classname="test" file="/Users/mschroeder/sources/repos/ioBroker/ioBroker.klf200/src/setupProducts.test.ts"/>
				<testcase name="should write the targetPositionRaw state ack after change notificiation" time="0.008333" classname="test" file="/Users/mschroeder/sources/repos/ioBroker/ioBroker.klf200/src/setupProducts.test.ts"/>
			</testsuite>
			<testcase name="Each writable state should be bound to a state change handler" time="0.009529" classname="test" file="/Users/mschroeder/sources/repos/ioBroker/ioBroker.klf200/src/setupProducts.test.ts"/>
			<testcase name="Each readable state should be bound to a property change handler" time="0.008287" classname="test" file="/Users/mschroeder/sources/repos/ioBroker/ioBroker.klf200/src/setupProducts.test.ts"/>
			<testcase name="should call setTargetPositionAsync without functional parameters" time="0.046773" classname="test" file="/Users/mschroeder/sources/repos/ioBroker/ioBroker.klf200/src/setupProducts.test.ts"/>
			<testcase name="should call setTargetPositionAsync with functional parameters" time="0.020854" classname="test" file="/Users/mschroeder/sources/repos/ioBroker/ioBroker.klf200/src/setupProducts.test.ts"/>
			<testcase name="should change the setTargetPositionRawAsync state object to writable" time="0.010926" classname="test" file="/Users/mschroeder/sources/repos/ioBroker/ioBroker.klf200/src/setupProducts.test.ts"/>
			<testcase name="shouldn't create a state for limitationFP1MinRaw of FP1" time="0.009019" classname="test" file="/Users/mschroeder/sources/repos/ioBroker/ioBroker.klf200/src/setupProducts.test.ts"/>
			<testcase name="shouldn't remove an existing state for limitationFP1MinRaw of FP1" time="0.008590" classname="test" file="/Users/mschroeder/sources/repos/ioBroker/ioBroker.klf200/src/setupProducts.test.ts"/>
			<testcase name="shouldn't create a state for limitationFP1MaxRaw of FP1" time="0.008588" classname="test" file="/Users/mschroeder/sources/repos/ioBroker/ioBroker.klf200/src/setupProducts.test.ts"/>
			<testcase name="shouldn't remove an existing state for limitationFP1MaxRaw of FP1" time="0.008090" classname="test" file="/Users/mschroeder/sources/repos/ioBroker/ioBroker.klf200/src/setupProducts.test.ts"/>
			<testcase name="shouldn't create a state for limitationFP1Min of FP1" time="0.008161" classname="test" file="/Users/mschroeder/sources/repos/ioBroker/ioBroker.klf200/src/setupProducts.test.ts"/>
			<testcase name="shouldn't remove an existing state for limitationFP1Min of FP1" time="0.007956" classname="test" file="/Users/mschroeder/sources/repos/ioBroker/ioBroker.klf200/src/setupProducts.test.ts"/>
			<testcase name="shouldn't create a state for limitationFP1Max of FP1" time="0.008408" classname="test" file="/Users/mschroeder/sources/repos/ioBroker/ioBroker.klf200/src/setupProducts.test.ts"/>
			<testcase name="shouldn't remove an existing state for limitationFP1Max of FP1" time="0.008457" classname="test" file="/Users/mschroeder/sources/repos/ioBroker/ioBroker.klf200/src/setupProducts.test.ts"/>
			<testcase name="shouldn't create a state for limitationFP1Originator of FP1" time="0.010905" classname="test" file="/Users/mschroeder/sources/repos/ioBroker/ioBroker.klf200/src/setupProducts.test.ts"/>
			<testcase name="shouldn't remove an existing state for limitationFP1Originator of FP1" time="0.009189" classname="test" file="/Users/mschroeder/sources/repos/ioBroker/ioBroker.klf200/src/setupProducts.test.ts"/>
			<testcase name="shouldn't create a state for limitationFP1OriginatorMin of FP1" time="0.008143" classname="test" file="/Users/mschroeder/sources/repos/ioBroker/ioBroker.klf200/src/setupProducts.test.ts"/>
			<testcase name="shouldn't remove an existing state for limitationFP1OriginatorMin of FP1" time="0.008308" classname="test" file="/Users/mschroeder/sources/repos/ioBroker/ioBroker.klf200/src/setupProducts.test.ts"/>
			<testcase name="shouldn't create a state for limitationFP1OriginatorMax of FP1" time="0.008537" classname="test" file="/Users/mschroeder/sources/repos/ioBroker/ioBroker.klf200/src/setupProducts.test.ts"/>
			<testcase name="shouldn't remove an existing state for limitationFP1OriginatorMax of FP1" time="0.009043" classname="test" file="/Users/mschroeder/sources/repos/ioBroker/ioBroker.klf200/src/setupProducts.test.ts"/>
			<testcase name="shouldn't create a state for limitationFP1TimeRaw of FP1" time="0.009223" classname="test" file="/Users/mschroeder/sources/repos/ioBroker/ioBroker.klf200/src/setupProducts.test.ts"/>
			<testcase name="shouldn't remove an existing state for limitationFP1TimeRaw of FP1" time="0.008067" classname="test" file="/Users/mschroeder/sources/repos/ioBroker/ioBroker.klf200/src/setupProducts.test.ts"/>
			<testcase name="shouldn't create a state for limitationFP1TimeRawMin of FP1" time="0.008103" classname="test" file="/Users/mschroeder/sources/repos/ioBroker/ioBroker.klf200/src/setupProducts.test.ts"/>
			<testcase name="shouldn't remove an existing state for limitationFP1TimeRawMin of FP1" time="0.007900" classname="test" file="/Users/mschroeder/sources/repos/ioBroker/ioBroker.klf200/src/setupProducts.test.ts"/>
			<testcase name="shouldn't create a state for limitationFP1TimeRawMax of FP1" time="0.010887" classname="test" file="/Users/mschroeder/sources/repos/ioBroker/ioBroker.klf200/src/setupProducts.test.ts"/>
			<testcase name="shouldn't remove an existing state for limitationFP1TimeRawMax of FP1" time="0.008698" classname="test" file="/Users/mschroeder/sources/repos/ioBroker/ioBroker.klf200/src/setupProducts.test.ts"/>
			<testcase name="shouldn't create a state for limitationFP1Time of FP1" time="0.008416" classname="test" file="/Users/mschroeder/sources/repos/ioBroker/ioBroker.klf200/src/setupProducts.test.ts"/>
			<testcase name="shouldn't remove an existing state for limitationFP1Time of FP1" time="0.007867" classname="test" file="/Users/mschroeder/sources/repos/ioBroker/ioBroker.klf200/src/setupProducts.test.ts"/>
			<testcase name="shouldn't create a state for limitationFP1TimeMin of FP1" time="0.007967" classname="test" file="/Users/mschroeder/sources/repos/ioBroker/ioBroker.klf200/src/setupProducts.test.ts"/>
			<testcase name="shouldn't remove an existing state for limitationFP1TimeMin of FP1" time="0.008105" classname="test" file="/Users/mschroeder/sources/repos/ioBroker/ioBroker.klf200/src/setupProducts.test.ts"/>
			<testcase name="shouldn't create a state for limitationFP1TimeMax of FP1" time="0.008543" classname="test" file="/Users/mschroeder/sources/repos/ioBroker/ioBroker.klf200/src/setupProducts.test.ts"/>
			<testcase name="shouldn't remove an existing state for limitationFP1TimeMax of FP1" time="0.008036" classname="test" file="/Users/mschroeder/sources/repos/ioBroker/ioBroker.klf200/src/setupProducts.test.ts"/>
		</testsuite>
		<testsuite name="createProductsAsync" time="0.024870" disabled="0" errors="0" tests="2" failures="0" skipped="0" timestamp="2026-09-03T16:04:26.615Z" hostname="NCC-1701-E-2.fritz.box">
			<testcase name="should have 1 in the value of products.productsFound state" time="0.010012" classname="test" file="/Users/mschroeder/sources/repos/ioBroker/ioBroker.klf200/src/setupProducts.test.ts"/>
			<testcase name="should delete a product that doesn't exist anymore" time="0.014778" classname="test" file="/Users/mschroeder/sources/repos/ioBroker/ioBroker.klf200/src/setupProducts.test.ts"/>
		</testsuite>
	</testsuite>
	<testsuite name="setupScenes" time="0.079907" disabled="0" errors="0" tests="2" failures="0" skipped="0" timestamp="2026-09-03T16:04:26.560Z" hostname="NCC-1701-E-2.fritz.box">
		<testsuite name="createSceneAsync" time="0.047912" disabled="0" errors="0" tests="21" failures="0" skipped="0" timestamp="2026-09-03T16:04:26.592Z" hostname="NCC-1701-E-2.fritz.box">
			<testcase name="should create the channel for Scene ID 0" time="0.005560" classname="test" file="/Users/mschroeder/sources/repos/ioBroker/ioBroker.klf200/src/setupScenes.test.ts"/>
			<testcase name="should have the name 'Close all windows' for its channel name" time="0.001664" classname="test" file="/Users/mschroeder/sources/repos/ioBroker/ioBroker.klf200/src/setupScenes.test.ts"/>
			<testcase name="should have the role 'scene' for its channel role" time="0.003098" classname="test" file="/Users/mschroeder/sources/repos/ioBroker/ioBroker.klf200/src/setupScenes.test.ts"/>
			<testcase name="should create the productsCount state object" time="0.001052" classname="test" file="/Users/mschroeder/sources/repos/ioBroker/ioBroker.klf200/src/setupScenes.test.ts"/>
			<testcase name="should write the productsCount state" time="0.001827" classname="test" file="/Users/mschroeder/sources/repos/ioBroker/ioBroker.klf200/src/setupScenes.test.ts"/>
			<testcase name="should write the productsCount state with '3'" time="0.000909" classname="test" file="/Users/mschroeder/sources/repos/ioBroker/ioBroker.klf200/src/setupScenes.test.ts"/>
			<testcase name="should write the productsCount state ack" time="0.000644" classname="test" file="/Users/mschroeder/sources/repos/ioBroker/ioBroker.klf200/src/setupScenes.test.ts"/>
			<testcase name="should create the run state object" time="0.001420" classname="test" file="/Users/mschroeder/sources/repos/ioBroker/ioBroker.klf200/src/setupScenes.test.ts"/>
			<testcase name="should write the run state" time="0.001202" classname="test" file="/Users/mschroeder/sources/repos/ioBroker/ioBroker.klf200/src/setupScenes.test.ts"/>
			<testcase name="should write the run state with 'false'" time="0.001281" classname="test" file="/Users/mschroeder/sources/repos/ioBroker/ioBroker.klf200/src/setupScenes.test.ts"/>
			<testcase name="should write the run state ack" time="0.001888" classname="test" file="/Users/mschroeder/sources/repos/ioBroker/ioBroker.klf200/src/setupScenes.test.ts"/>
			<testcase name="should create the stop state object" time="0.000895" classname="test" file="/Users/mschroeder/sources/repos/ioBroker/ioBroker.klf200/src/setupScenes.test.ts"/>
			<testcase name="should write the stop state" time="0.000686" classname="test" file="/Users/mschroeder/sources/repos/ioBroker/ioBroker.klf200/src/setupScenes.test.ts"/>
			<testcase name="should write the stop state with 'false'" time="0.000615" classname="test" file="/Users/mschroeder/sources/repos/ioBroker/ioBroker.klf200/src/setupScenes.test.ts"/>
			<testcase name="should write the stop state ack" time="0.000557" classname="test" file="/Users/mschroeder/sources/repos/ioBroker/ioBroker.klf200/src/setupScenes.test.ts"/>
			<testcase name="should create the velocity state object" time="0.001340" classname="test" file="/Users/mschroeder/sources/repos/ioBroker/ioBroker.klf200/src/setupScenes.test.ts"/>
			<testcase name="should create the velocity state object with a default value of 0" time="0.001924" classname="test" file="/Users/mschroeder/sources/repos/ioBroker/ioBroker.klf200/src/setupScenes.test.ts"/>
			<testsuite name="changes on run" time="0.002646" disabled="0" errors="0" tests="2" failures="0" skipped="0" timestamp="2026-09-03T16:04:26.637Z" hostname="NCC-1701-E-2.fritz.box">
				<testcase name="should write the run state with 'true' after change notificiation" time="0.001606" classname="test" file="/Users/mschroeder/sources/repos/ioBroker/ioBroker.klf200/src/setupScenes.test.ts"/>
				<testcase name="should write the run state ack after change notificiation" time="0.000901" classname="test" file="/Users/mschroeder/sources/repos/ioBroker/ioBroker.klf200/src/setupScenes.test.ts"/>
			</testsuite>
			<testcase name="Each writable state should be bound to a state change handler" time="0.003468" classname="test" file="/Users/mschroeder/sources/repos/ioBroker/ioBroker.klf200/src/setupScenes.test.ts"/>
			<testcase name="Each readable state should be bound to a property change handler" time="0.001204" classname="test" file="/Users/mschroeder/sources/repos/ioBroker/ioBroker.klf200/src/setupScenes.test.ts"/>
			<testcase name="Running a scene should use the velocity to start the scene." time="0.012242" classname="test" file="/Users/mschroeder/sources/repos/ioBroker/ioBroker.klf200/src/setupScenes.test.ts"/>
		</testsuite>
		<testsuite name="createScenesAsync" time="0.031413" disabled="0" errors="0" tests="6" failures="0" skipped="0" timestamp="2026-09-03T16:04:26.608Z" hostname="NCC-1701-E-2.fritz.box">
			<testcase name="should have 1 in the value of scenes.scenesFound state" time="0.001263" classname="test" file="/Users/mschroeder/sources/repos/ioBroker/ioBroker.klf200/src/setupScenes.test.ts"/>
			<testcase name="should delete a scene that doesn't exist anymore" time="0.007799" classname="test" file="/Users/mschroeder/sources/repos/ioBroker/ioBroker.klf200/src/setupScenes.test.ts"/>
			<testcase name="should have a state refreshScenes" time="0.001743" classname="test" file="/Users/mschroeder/sources/repos/ioBroker/ioBroker.klf200/src/setupScenes.test.ts"/>
			<testcase name="should call refreshScenesAsync when the state is set to true" time="0.012346" classname="test" file="/Users/mschroeder/sources/repos/ioBroker/ioBroker.klf200/src/setupScenes.test.ts"/>
			<testcase name="should have disposables after creating the scenes" time="0.001382" classname="test" file="/Users/mschroeder/sources/repos/ioBroker/ioBroker.klf200/src/setupScenes.test.ts"/>
			<testcase name="should have no pending disposables for scene 0 after deleting the last scene" time="0.004585" classname="test" file="/Users/mschroeder/sources/repos/ioBroker/ioBroker.klf200/src/setupScenes.test.ts"/>
		</testsuite>
	</testsuite>
	<testsuite name="converter => convert" time="0.001822" disabled="0" errors="0" tests="1" failures="0" skipped="0" timestamp="2026-09-03T16:04:26.638Z" hostname="NCC-1701-E-2.fritz.box">
		<testcase name="should return window for ActuatorType.WindowOpener" time="0.000749" classname="test" file="/Users/mschroeder/sources/repos/ioBroker/ioBroker.klf200/src/util/converter.test.ts"/>
	</testsuite>
	<testsuite name="roleConverter => convert" time="0.000145" disabled="0" errors="0" tests="1" failures="0" skipped="0" timestamp="2026-09-03T16:04:26.639Z" hostname="NCC-1701-E-2.fritz.box">
		<testcase name="should return window for ActuatorType.WindowOpener" time="0.000088" classname="test" file="/Users/mschroeder/sources/repos/ioBroker/ioBroker.klf200/src/util/converter.test.ts"/>
	</testsuite>
	<testsuite name="levelConverter => convert" time="0.000108" disabled="0" errors="0" tests="1" failures="0" skipped="0" timestamp="2026-09-03T16:04:26.639Z" hostname="NCC-1701-E-2.fritz.box">
		<testcase name="should return level.blind for ActuatorType.WindowOpener" time="0.000064" classname="test" file="/Users/mschroeder/sources/repos/ioBroker/ioBroker.klf200/src/util/converter.test.ts"/>
	</testsuite>
	<testsuite name="PromiseQueue" time="0.007452" disabled="0" errors="0" tests="1" failures="0" skipped="0" timestamp="2026-09-03T16:04:26.633Z" hostname="NCC-1701-E-2.fritz.box">
		<testsuite name="push" time="0.006825" disabled="0" errors="0" tests="3" failures="0" skipped="0" timestamp="2026-09-03T16:04:26.634Z" hostname="NCC-1701-E-2.fritz.box">
			<testcase name="should be able to push different types of return values including void." time="0.002045" classname="test" file="/Users/mschroeder/sources/repos/ioBroker/ioBroker.klf200/src/util/promiseQueue.test.ts"/>
			<testcase name="should be able to run subsequent calls with a rejected promise in the middle." time="0.000740" classname="test" file="/Users/mschroeder/sources/repos/ioBroker/ioBroker.klf200/src/util/promiseQueue.test.ts"/>
			<testcase name="should be rejected with a rejected promise at the end." time="0.000430" classname="test" file="/Users/mschroeder/sources/repos/ioBroker/ioBroker.klf200/src/util/promiseQueue.test.ts"/>
		</testsuite>
	</testsuite>
	<testsuite name="PropertyLink" time="0.021993" disabled="0" errors="0" tests="9" failures="0" skipped="0" timestamp="2026-09-03T16:04:26.619Z" hostname="NCC-1701-E-2.fritz.box">
		<testsuite name="MapAnyPropertyToState with BooleanValue" time="0.002250" disabled="0" errors="0" tests="1" failures="0" skipped="0" timestamp="2026-09-03T16:04:26.638Z" hostname="NCC-1701-E-2.fritz.box">
			<testcase name="should return a boolean value for the type of the return value" time="0.001064" classname="test" file="/Users/mschroeder/sources/repos/ioBroker/ioBroker.klf200/src/util/propertyLink.test.ts"/>
		</testsuite>
		<testsuite name="MapAnyPropertyToState with NumberValue" time="0.000455" disabled="0" errors="0" tests="1" failures="0" skipped="0" timestamp="2026-09-03T16:04:26.640Z" hostname="NCC-1701-E-2.fritz.box">
			<testcase name="should return a number value for the type of the return value" time="0.000354" classname="test" file="/Users/mschroeder/sources/repos/ioBroker/ioBroker.klf200/src/util/propertyLink.test.ts"/>
		</testsuite>
		<testsuite name="MapAnyPropertyToState with StringValue" time="0.000577" disabled="0" errors="0" tests="1" failures="0" skipped="0" timestamp="2026-09-03T16:04:26.640Z" hostname="NCC-1701-E-2.fritz.box">
			<testcase name="should return a string value for the type of the return value" time="0.000375" classname="test" file="/Users/mschroeder/sources/repos/ioBroker/ioBroker.klf200/src/util/propertyLink.test.ts"/>
		</testsuite>
		<testsuite name="MapAnyPropertyToState with ArrayValue" time="0.000244" disabled="0" errors="0" tests="1" failures="0" skipped="0" timestamp="2026-09-03T16:04:26.640Z" hostname="NCC-1701-E-2.fritz.box">
			<testcase name="should return a string value for the type of the return value" time="0.000191" classname="test" file="/Users/mschroeder/sources/repos/ioBroker/ioBroker.klf200/src/util/propertyLink.test.ts"/>
		</testsuite>
		<testsuite name="SimplePropertyChangedHandler" time="0.002314" disabled="0" errors="0" tests="1" failures="0" skipped="0" timestamp="2026-09-03T16:04:26.638Z" hostname="NCC-1701-E-2.fritz.box">
			<testcase name="should set the state 'NumberValue' to 43 with ack." time="0.002250" classname="test" file="/Users/mschroeder/sources/repos/ioBroker/ioBroker.klf200/src/util/propertyLink.test.ts"/>
		</testsuite>
		<testsuite name="ComplexPropertyChangedHandler" time="0.000605" disabled="0" errors="0" tests="1" failures="0" skipped="0" timestamp="2026-09-03T16:04:26.640Z" hostname="NCC-1701-E-2.fritz.box">
			<testcase name="should call the supplied handler function exactly once." time="0.000547" classname="test" file="/Users/mschroeder/sources/repos/ioBroker/ioBroker.klf200/src/util/propertyLink.test.ts"/>
		</testsuite>
		<testsuite name="SimpleStateChangeHandler" time="0.012038" disabled="0" errors="0" tests="2" failures="0" skipped="0" timestamp="2026-09-03T16:04:26.628Z" hostname="NCC-1701-E-2.fritz.box">
			<testcase name="should set the property 'NumberValue' to 43 when the adapter state is set." time="0.006672" classname="test" file="/Users/mschroeder/sources/repos/ioBroker/ioBroker.klf200/src/util/propertyLink.test.ts"/>
			<testcase name="should set the property 'NumberValue' to 43 when the adapter state is set with explicit setterMethodName." time="0.005040" classname="test" file="/Users/mschroeder/sources/repos/ioBroker/ioBroker.klf200/src/util/propertyLink.test.ts"/>
		</testsuite>
		<testsuite name="ComplexStateChangeHandler" time="0.001344" disabled="0" errors="0" tests="1" failures="0" skipped="0" timestamp="2026-09-03T16:04:26.639Z" hostname="NCC-1701-E-2.fritz.box">
			<testcase name="should call the provided handly exaclty once." time="0.001228" classname="test" file="/Users/mschroeder/sources/repos/ioBroker/ioBroker.klf200/src/util/propertyLink.test.ts"/>
		</testsuite>
		<testsuite name="MethodCallStateChangeHandler" time="0.001452" disabled="0" errors="0" tests="1" failures="0" skipped="0" timestamp="2026-09-03T16:04:26.639Z" hostname="NCC-1701-E-2.fritz.box">
			<testcase name="should call the function TestComponent.runAMethod with parameters 1, 2, '3'." time="0.001397" classname="test" file="/Users/mschroeder/sources/repos/ioBroker/ioBroker.klf200/src/util/propertyLink.test.ts"/>
		</testsuite>
	</testsuite>
	<testsuite name="StateHelper" time="0.008477" disabled="0" errors="0" tests="1" failures="0" skipped="0" timestamp="2026-09-03T16:04:26.632Z" hostname="NCC-1701-E-2.fritz.box">
		<testsuite name="createAndSetStateAsync" time="0.008045" disabled="0" errors="0" tests="3" failures="0" skipped="0" timestamp="2026-09-03T16:04:26.632Z" hostname="NCC-1701-E-2.fritz.box">
			<testcase name="should generate state products.42.level" time="0.004640" classname="test" file="/Users/mschroeder/sources/repos/ioBroker/ioBroker.klf200/src/util/stateHelper.test.ts"/>
			<testcase name="state products.42.level should have value 50" time="0.001676" classname="test" file="/Users/mschroeder/sources/repos/ioBroker/ioBroker.klf200/src/util/stateHelper.test.ts"/>
			<testcase name="state products.42.level should be acknowledged" time="0.000729" classname="test" file="/Users/mschroeder/sources/repos/ioBroker/ioBroker.klf200/src/util/stateHelper.test.ts"/>
		</testsuite>
	</testsuite>
	<testsuite name="utils" time="0.004993" disabled="0" errors="0" tests="3" failures="0" skipped="0" timestamp="2026-09-03T16:04:26.637Z" hostname="NCC-1701-E-2.fritz.box">
		<testsuite name="ArrayCount" time="0.001224" disabled="0" errors="0" tests="3" failures="0" skipped="0" timestamp="2026-09-03T16:04:26.640Z" hostname="NCC-1701-E-2.fritz.box">
			<testcase name="should count the number of non-empty elements" time="0.000505" classname="test" file="/Users/mschroeder/sources/repos/ioBroker/ioBroker.klf200/src/util/utils.test.ts"/>
			<testcase name="should work on an empty array" time="0.000073" classname="test" file="/Users/mschroeder/sources/repos/ioBroker/ioBroker.klf200/src/util/utils.test.ts"/>
			<testcase name="should work on an empty array with a defined length" time="0.000061" classname="test" file="/Users/mschroeder/sources/repos/ioBroker/ioBroker.klf200/src/util/utils.test.ts"/>
		</testsuite>
		<testsuite name="convertErrorToString" time="0.000213" disabled="0" errors="0" tests="2" failures="0" skipped="0" timestamp="2026-09-03T16:04:26.641Z" hostname="NCC-1701-E-2.fritz.box">
			<testcase name="should return the provided string on string input" time="0.000098" classname="test" file="/Users/mschroeder/sources/repos/ioBroker/ioBroker.klf200/src/util/utils.test.ts"/>
			<testcase name="should return the provided message on Error input" time="0.000052" classname="test" file="/Users/mschroeder/sources/repos/ioBroker/ioBroker.klf200/src/util/utils.test.ts"/>
		</testsuite>
		<testsuite name="waitForSessionFinishedNtfAsync" time="0.003202" disabled="0" errors="0" tests="2" failures="0" skipped="0" timestamp="2026-09-03T16:04:26.638Z" hostname="NCC-1701-E-2.fritz.box">
			<testcase name="should be fulfilled when the notification is sent" time="0.001914" classname="test" file="/Users/mschroeder/sources/repos/ioBroker/ioBroker.klf200/src/util/utils.test.ts"/>
			<testcase name="should be rejected when the notification is not sent" time="0.001169" classname="test" file="/Users/mschroeder/sources/repos/ioBroker/ioBroker.klf200/src/util/utils.test.ts"/>
		</testsuite>
	</testsuite>
	<!-- tests 590 -->
	<!-- suites 62 -->
	<!-- pass 590 -->
	<!-- fail 0 -->
	<!-- cancelled 0 -->
	<!-- skipped 0 -->
	<!-- todo 0 -->
	<!-- duration_ms 20707.586125 -->
</testsuites>
